<!doctype html public "-//w3c//dtd html 4.0 transitional//en">
<html><head>
<title>Static Call Graph - [.\Objects\UCOS_F407.axf]</title></head>
<body><HR>
<H1>Static Call Graph for image .\Objects\UCOS_F407.axf</H1><HR>
<BR><P>#&#060CALLGRAPH&#062# ARM Linker, 5060750: Last Updated: Tue Jun 08 01:36:18 2021
<BR><P>
<H3>Maximum Stack Usage =        216 bytes + Unknown(Functions without stacksize, Cycles, Untraceable Function Pointers)</H3><H3>
Call chain for Maximum Stack Depth:</H3>
main &rArr; OSInit &rArr; OS_TmrInit &rArr; OSTaskCreate &rArr; OSSched &rArr; OS_PrioGetHighest
<P>
<H3>
Functions with no stack information
</H3><UL>
 <LI><a href="#[7b]">CPU_IntDis</a>
 <LI><a href="#[10f]">CPU_IntEn</a>
 <LI><a href="#[7d]">CPU_SR_Save</a>
 <LI><a href="#[7f]">CPU_SR_Restore</a>
 <LI><a href="#[110]">CPU_WaitForInt</a>
 <LI><a href="#[111]">CPU_WaitForExcept</a>
 <LI><a href="#[ec]">CPU_CntLeadZeros</a>
 <LI><a href="#[112]">CPU_CntTrailZeros</a>
 <LI><a href="#[113]">CPU_RevBits</a>
 <LI><a href="#[d9]">OS_CPU_FP_Reg_Push</a>
 <LI><a href="#[da]">OS_CPU_FP_Reg_Pop</a>
 <LI><a href="#[c4]">OSStartHighRdy</a>
 <LI><a href="#[bd]">OSCtxSw</a>
 <LI><a href="#[af]">OSIntCtxSw</a>
 <LI><a href="#[8]">OS_CPU_PendSVHandler</a>
</UL>
</UL>
<P>
<H3>
Mutually Recursive functions
</H3> <LI><a href="#[2]">App_NMI_ISR</a>&nbsp;&nbsp;&nbsp;&rArr;&nbsp;&nbsp;&nbsp;<a href="#[2]">App_NMI_ISR</a><BR>
 <LI><a href="#[3]">App_Fault_ISR</a>&nbsp;&nbsp;&nbsp;&rArr;&nbsp;&nbsp;&nbsp;<a href="#[3]">App_Fault_ISR</a><BR>
 <LI><a href="#[4]">App_MemFault_ISR</a>&nbsp;&nbsp;&nbsp;&rArr;&nbsp;&nbsp;&nbsp;<a href="#[4]">App_MemFault_ISR</a><BR>
 <LI><a href="#[5]">App_BusFault_ISR</a>&nbsp;&nbsp;&nbsp;&rArr;&nbsp;&nbsp;&nbsp;<a href="#[5]">App_BusFault_ISR</a><BR>
 <LI><a href="#[6]">App_UsageFault_ISR</a>&nbsp;&nbsp;&nbsp;&rArr;&nbsp;&nbsp;&nbsp;<a href="#[6]">App_UsageFault_ISR</a><BR>
 <LI><a href="#[7]">App_Spurious_ISR</a>&nbsp;&nbsp;&nbsp;&rArr;&nbsp;&nbsp;&nbsp;<a href="#[7]">App_Spurious_ISR</a><BR>
</UL>
<P>
<H3>
Function Pointers
</H3><UL>
 <LI><a href="#[5]">App_BusFault_ISR</a> from cstartup.o(.text) referenced from cstartup.o(RESET)
 <LI><a href="#[3]">App_Fault_ISR</a> from cstartup.o(.text) referenced from cstartup.o(RESET)
 <LI><a href="#[4]">App_MemFault_ISR</a> from cstartup.o(.text) referenced from cstartup.o(RESET)
 <LI><a href="#[2]">App_NMI_ISR</a> from cstartup.o(.text) referenced from cstartup.o(RESET)
 <LI><a href="#[7]">App_Spurious_ISR</a> from cstartup.o(.text) referenced 7 times from cstartup.o(RESET)
 <LI><a href="#[6]">App_UsageFault_ISR</a> from cstartup.o(.text) referenced from cstartup.o(RESET)
 <LI><a href="#[1c]">BSP_IntHandlerADC</a> from bsp_int.o(i.BSP_IntHandlerADC) referenced from cstartup.o(RESET)
 <LI><a href="#[1e]">BSP_IntHandlerCAN1_RX0</a> from bsp_int.o(i.BSP_IntHandlerCAN1_RX0) referenced from cstartup.o(RESET)
 <LI><a href="#[1f]">BSP_IntHandlerCAN1_RX1</a> from bsp_int.o(i.BSP_IntHandlerCAN1_RX1) referenced from cstartup.o(RESET)
 <LI><a href="#[20]">BSP_IntHandlerCAN1_SCE</a> from bsp_int.o(i.BSP_IntHandlerCAN1_SCE) referenced from cstartup.o(RESET)
 <LI><a href="#[1d]">BSP_IntHandlerCAN1_TX</a> from bsp_int.o(i.BSP_IntHandlerCAN1_TX) referenced from cstartup.o(RESET)
 <LI><a href="#[4a]">BSP_IntHandlerCAN2_RX0</a> from bsp_int.o(i.BSP_IntHandlerCAN2_RX0) referenced from cstartup.o(RESET)
 <LI><a href="#[4b]">BSP_IntHandlerCAN2_RX1</a> from bsp_int.o(i.BSP_IntHandlerCAN2_RX1) referenced from cstartup.o(RESET)
 <LI><a href="#[4c]">BSP_IntHandlerCAN2_SCE</a> from bsp_int.o(i.BSP_IntHandlerCAN2_SCE) referenced from cstartup.o(RESET)
 <LI><a href="#[49]">BSP_IntHandlerCAN2_TX</a> from bsp_int.o(i.BSP_IntHandlerCAN2_TX) referenced from cstartup.o(RESET)
 <LI><a href="#[59]">BSP_IntHandlerCRYP</a> from bsp_int.o(i.BSP_IntHandlerCRYP) referenced from cstartup.o(RESET)
 <LI><a href="#[58]">BSP_IntHandlerDCMI</a> from bsp_int.o(i.BSP_IntHandlerDCMI) referenced from cstartup.o(RESET)
 <LI><a href="#[15]">BSP_IntHandlerDMA1_CH0</a> from bsp_int.o(i.BSP_IntHandlerDMA1_CH0) referenced from cstartup.o(RESET)
 <LI><a href="#[16]">BSP_IntHandlerDMA1_CH1</a> from bsp_int.o(i.BSP_IntHandlerDMA1_CH1) referenced from cstartup.o(RESET)
 <LI><a href="#[17]">BSP_IntHandlerDMA1_CH2</a> from bsp_int.o(i.BSP_IntHandlerDMA1_CH2) referenced from cstartup.o(RESET)
 <LI><a href="#[18]">BSP_IntHandlerDMA1_CH3</a> from bsp_int.o(i.BSP_IntHandlerDMA1_CH3) referenced from cstartup.o(RESET)
 <LI><a href="#[19]">BSP_IntHandlerDMA1_CH4</a> from bsp_int.o(i.BSP_IntHandlerDMA1_CH4) referenced from cstartup.o(RESET)
 <LI><a href="#[1a]">BSP_IntHandlerDMA1_CH5</a> from bsp_int.o(i.BSP_IntHandlerDMA1_CH5) referenced from cstartup.o(RESET)
 <LI><a href="#[1b]">BSP_IntHandlerDMA1_CH6</a> from bsp_int.o(i.BSP_IntHandlerDMA1_CH6) referenced from cstartup.o(RESET)
 <LI><a href="#[39]">BSP_IntHandlerDMA1_STREAM7</a> from bsp_int.o(i.BSP_IntHandlerDMA1_STREAM7) referenced from cstartup.o(RESET)
 <LI><a href="#[64]">BSP_IntHandlerDMA2D</a> from bsp_int.o(i.BSP_IntHandlerDMA2D) referenced from cstartup.o(RESET)
 <LI><a href="#[42]">BSP_IntHandlerDMA2_CH0</a> from bsp_int.o(i.BSP_IntHandlerDMA2_CH0) referenced from cstartup.o(RESET)
 <LI><a href="#[43]">BSP_IntHandlerDMA2_CH1</a> from bsp_int.o(i.BSP_IntHandlerDMA2_CH1) referenced from cstartup.o(RESET)
 <LI><a href="#[44]">BSP_IntHandlerDMA2_CH2</a> from bsp_int.o(i.BSP_IntHandlerDMA2_CH2) referenced from cstartup.o(RESET)
 <LI><a href="#[45]">BSP_IntHandlerDMA2_CH3</a> from bsp_int.o(i.BSP_IntHandlerDMA2_CH3) referenced from cstartup.o(RESET)
 <LI><a href="#[46]">BSP_IntHandlerDMA2_CH4</a> from bsp_int.o(i.BSP_IntHandlerDMA2_CH4) referenced from cstartup.o(RESET)
 <LI><a href="#[4e]">BSP_IntHandlerDMA2_CH5</a> from bsp_int.o(i.BSP_IntHandlerDMA2_CH5) referenced from cstartup.o(RESET)
 <LI><a href="#[4f]">BSP_IntHandlerDMA2_CH6</a> from bsp_int.o(i.BSP_IntHandlerDMA2_CH6) referenced from cstartup.o(RESET)
 <LI><a href="#[50]">BSP_IntHandlerDMA2_CH7</a> from bsp_int.o(i.BSP_IntHandlerDMA2_CH7) referenced from cstartup.o(RESET)
 <LI><a href="#[67]">BSP_IntHandlerDummy</a> from bsp_int.o(i.BSP_IntHandlerDummy) referenced from bsp_int.o(i.BSP_IntInit)
 <LI><a href="#[47]">BSP_IntHandlerETH</a> from bsp_int.o(i.BSP_IntHandlerETH) referenced from cstartup.o(RESET)
 <LI><a href="#[48]">BSP_IntHandlerETHWakeup</a> from bsp_int.o(i.BSP_IntHandlerETHWakeup) referenced from cstartup.o(RESET)
 <LI><a href="#[10]">BSP_IntHandlerEXTI0</a> from bsp_int.o(i.BSP_IntHandlerEXTI0) referenced from cstartup.o(RESET)
 <LI><a href="#[11]">BSP_IntHandlerEXTI1</a> from bsp_int.o(i.BSP_IntHandlerEXTI1) referenced from cstartup.o(RESET)
 <LI><a href="#[32]">BSP_IntHandlerEXTI15_10</a> from bsp_int.o(i.BSP_IntHandlerEXTI15_10) referenced from cstartup.o(RESET)
 <LI><a href="#[12]">BSP_IntHandlerEXTI2</a> from bsp_int.o(i.BSP_IntHandlerEXTI2) referenced from cstartup.o(RESET)
 <LI><a href="#[13]">BSP_IntHandlerEXTI3</a> from bsp_int.o(i.BSP_IntHandlerEXTI3) referenced from cstartup.o(RESET)
 <LI><a href="#[14]">BSP_IntHandlerEXTI4</a> from bsp_int.o(i.BSP_IntHandlerEXTI4) referenced from cstartup.o(RESET)
 <LI><a href="#[21]">BSP_IntHandlerEXTI9_5</a> from bsp_int.o(i.BSP_IntHandlerEXTI9_5) referenced from cstartup.o(RESET)
 <LI><a href="#[e]">BSP_IntHandlerFLASH</a> from bsp_int.o(i.BSP_IntHandlerFLASH) referenced from cstartup.o(RESET)
 <LI><a href="#[5b]">BSP_IntHandlerFPU</a> from bsp_int.o(i.BSP_IntHandlerFPU) referenced from cstartup.o(RESET)
 <LI><a href="#[3a]">BSP_IntHandlerFSMC</a> from bsp_int.o(i.BSP_IntHandlerFSMC) referenced from cstartup.o(RESET)
 <LI><a href="#[5a]">BSP_IntHandlerHASH_RNG</a> from bsp_int.o(i.BSP_IntHandlerHASH_RNG) referenced from cstartup.o(RESET)
 <LI><a href="#[2a]">BSP_IntHandlerI2C1_ER</a> from bsp_int.o(i.BSP_IntHandlerI2C1_ER) referenced from cstartup.o(RESET)
 <LI><a href="#[29]">BSP_IntHandlerI2C1_EV</a> from bsp_int.o(i.BSP_IntHandlerI2C1_EV) referenced from cstartup.o(RESET)
 <LI><a href="#[2c]">BSP_IntHandlerI2C2_ER</a> from bsp_int.o(i.BSP_IntHandlerI2C2_ER) referenced from cstartup.o(RESET)
 <LI><a href="#[2b]">BSP_IntHandlerI2C2_EV</a> from bsp_int.o(i.BSP_IntHandlerI2C2_EV) referenced from cstartup.o(RESET)
 <LI><a href="#[53]">BSP_IntHandlerI2C3_ER</a> from bsp_int.o(i.BSP_IntHandlerI2C3_ER) referenced from cstartup.o(RESET)
 <LI><a href="#[52]">BSP_IntHandlerI2C3_EV</a> from bsp_int.o(i.BSP_IntHandlerI2C3_EV) referenced from cstartup.o(RESET)
 <LI><a href="#[62]">BSP_IntHandlerLTDC</a> from bsp_int.o(i.BSP_IntHandlerLTDC) referenced from cstartup.o(RESET)
 <LI><a href="#[63]">BSP_IntHandlerLTDC_ER</a> from bsp_int.o(i.BSP_IntHandlerLTDC_ER) referenced from cstartup.o(RESET)
 <LI><a href="#[4d]">BSP_IntHandlerOTG_FS</a> from bsp_int.o(i.BSP_IntHandlerOTG_FS) referenced from cstartup.o(RESET)
 <LI><a href="#[34]">BSP_IntHandlerOTG_FS_WKUP</a> from bsp_int.o(i.BSP_IntHandlerOTG_FS_WKUP) referenced from cstartup.o(RESET)
 <LI><a href="#[57]">BSP_IntHandlerOTG_HS</a> from bsp_int.o(i.BSP_IntHandlerOTG_HS) referenced from cstartup.o(RESET)
 <LI><a href="#[55]">BSP_IntHandlerOTG_HS_EP1_IN</a> from bsp_int.o(i.BSP_IntHandlerOTG_HS_EP1_IN) referenced from cstartup.o(RESET)
 <LI><a href="#[54]">BSP_IntHandlerOTG_HS_EP1_OUT</a> from bsp_int.o(i.BSP_IntHandlerOTG_HS_EP1_OUT) referenced from cstartup.o(RESET)
 <LI><a href="#[56]">BSP_IntHandlerOTG_HS_WKUP</a> from bsp_int.o(i.BSP_IntHandlerOTG_HS_WKUP) referenced from cstartup.o(RESET)
 <LI><a href="#[b]">BSP_IntHandlerPVD</a> from bsp_int.o(i.BSP_IntHandlerPVD) referenced from cstartup.o(RESET)
 <LI><a href="#[f]">BSP_IntHandlerRCC</a> from bsp_int.o(i.BSP_IntHandlerRCC) referenced from cstartup.o(RESET)
 <LI><a href="#[33]">BSP_IntHandlerRTCAlarm</a> from bsp_int.o(i.BSP_IntHandlerRTCAlarm) referenced from cstartup.o(RESET)
 <LI><a href="#[d]">BSP_IntHandlerRTC_WKUP</a> from bsp_int.o(i.BSP_IntHandlerRTC_WKUP) referenced from cstartup.o(RESET)
 <LI><a href="#[61]">BSP_IntHandlerSAI1</a> from bsp_int.o(i.BSP_IntHandlerSAI1) referenced from cstartup.o(RESET)
 <LI><a href="#[3b]">BSP_IntHandlerSDIO</a> from bsp_int.o(i.BSP_IntHandlerSDIO) referenced from cstartup.o(RESET)
 <LI><a href="#[2d]">BSP_IntHandlerSPI1</a> from bsp_int.o(i.BSP_IntHandlerSPI1) referenced from cstartup.o(RESET)
 <LI><a href="#[2e]">BSP_IntHandlerSPI2</a> from bsp_int.o(i.BSP_IntHandlerSPI2) referenced from cstartup.o(RESET)
 <LI><a href="#[3d]">BSP_IntHandlerSPI3</a> from bsp_int.o(i.BSP_IntHandlerSPI3) referenced from cstartup.o(RESET)
 <LI><a href="#[5e]">BSP_IntHandlerSPI4</a> from bsp_int.o(i.BSP_IntHandlerSPI4) referenced from cstartup.o(RESET)
 <LI><a href="#[5f]">BSP_IntHandlerSPI5</a> from bsp_int.o(i.BSP_IntHandlerSPI5) referenced from cstartup.o(RESET)
 <LI><a href="#[60]">BSP_IntHandlerSPI6</a> from bsp_int.o(i.BSP_IntHandlerSPI6) referenced from cstartup.o(RESET)
 <LI><a href="#[c]">BSP_IntHandlerTAMP_STAMP</a> from bsp_int.o(i.BSP_IntHandlerTAMP_STAMP) referenced from cstartup.o(RESET)
 <LI><a href="#[22]">BSP_IntHandlerTIM1_BRK_TIM9</a> from bsp_int.o(i.BSP_IntHandlerTIM1_BRK_TIM9) referenced from cstartup.o(RESET)
 <LI><a href="#[25]">BSP_IntHandlerTIM1_CC</a> from bsp_int.o(i.BSP_IntHandlerTIM1_CC) referenced from cstartup.o(RESET)
 <LI><a href="#[24]">BSP_IntHandlerTIM1_TRG_COM_TIM11</a> from bsp_int.o(i.BSP_IntHandlerTIM1_TRG_COM_TIM11) referenced from cstartup.o(RESET)
 <LI><a href="#[23]">BSP_IntHandlerTIM1_UP_TIM10</a> from bsp_int.o(i.BSP_IntHandlerTIM1_UP_TIM10) referenced from cstartup.o(RESET)
 <LI><a href="#[26]">BSP_IntHandlerTIM2</a> from bsp_int.o(i.BSP_IntHandlerTIM2) referenced from cstartup.o(RESET)
 <LI><a href="#[27]">BSP_IntHandlerTIM3</a> from bsp_int.o(i.BSP_IntHandlerTIM3) referenced from cstartup.o(RESET)
 <LI><a href="#[28]">BSP_IntHandlerTIM4</a> from bsp_int.o(i.BSP_IntHandlerTIM4) referenced from cstartup.o(RESET)
 <LI><a href="#[3c]">BSP_IntHandlerTIM5</a> from bsp_int.o(i.BSP_IntHandlerTIM5) referenced from cstartup.o(RESET)
 <LI><a href="#[40]">BSP_IntHandlerTIM6_DAC</a> from bsp_int.o(i.BSP_IntHandlerTIM6_DAC) referenced from cstartup.o(RESET)
 <LI><a href="#[41]">BSP_IntHandlerTIM7</a> from bsp_int.o(i.BSP_IntHandlerTIM7) referenced from cstartup.o(RESET)
 <LI><a href="#[35]">BSP_IntHandlerTIM8_BRK_TIM12</a> from bsp_int.o(i.BSP_IntHandlerTIM8_BRK_TIM12) referenced from cstartup.o(RESET)
 <LI><a href="#[38]">BSP_IntHandlerTIM8_CC</a> from bsp_int.o(i.BSP_IntHandlerTIM8_CC) referenced from cstartup.o(RESET)
 <LI><a href="#[37]">BSP_IntHandlerTIM8_TRG_COM_TIM14</a> from bsp_int.o(i.BSP_IntHandlerTIM8_TRG_COM_TIM14) referenced from cstartup.o(RESET)
 <LI><a href="#[36]">BSP_IntHandlerTIM8_UP_TIM13</a> from bsp_int.o(i.BSP_IntHandlerTIM8_UP_TIM13) referenced from cstartup.o(RESET)
 <LI><a href="#[5c]">BSP_IntHandlerUART7</a> from bsp_int.o(i.BSP_IntHandlerUART7) referenced from cstartup.o(RESET)
 <LI><a href="#[5d]">BSP_IntHandlerUART8</a> from bsp_int.o(i.BSP_IntHandlerUART8) referenced from cstartup.o(RESET)
 <LI><a href="#[2f]">BSP_IntHandlerUSART1</a> from bsp_int.o(i.BSP_IntHandlerUSART1) referenced from cstartup.o(RESET)
 <LI><a href="#[30]">BSP_IntHandlerUSART2</a> from bsp_int.o(i.BSP_IntHandlerUSART2) referenced from cstartup.o(RESET)
 <LI><a href="#[31]">BSP_IntHandlerUSART3</a> from bsp_int.o(i.BSP_IntHandlerUSART3) referenced from cstartup.o(RESET)
 <LI><a href="#[3e]">BSP_IntHandlerUSART4</a> from bsp_int.o(i.BSP_IntHandlerUSART4) referenced from cstartup.o(RESET)
 <LI><a href="#[3f]">BSP_IntHandlerUSART5</a> from bsp_int.o(i.BSP_IntHandlerUSART5) referenced from cstartup.o(RESET)
 <LI><a href="#[51]">BSP_IntHandlerUSART6</a> from bsp_int.o(i.BSP_IntHandlerUSART6) referenced from cstartup.o(RESET)
 <LI><a href="#[a]">BSP_IntHandlerWWDG</a> from bsp_int.o(i.BSP_IntHandlerWWDG) referenced from cstartup.o(RESET)
 <LI><a href="#[8]">OS_CPU_PendSVHandler</a> from os_cpu_a.o(CODE) referenced from cstartup.o(RESET)
 <LI><a href="#[9]">OS_CPU_SysTickHandler</a> from os_cpu_c.o(i.OS_CPU_SysTickHandler) referenced from cstartup.o(RESET)
 <LI><a href="#[69]">OS_IdleTask</a> from os_core.o(i.OS_IdleTask) referenced from os_core.o(i.OS_IdleTaskInit)
 <LI><a href="#[6a]">OS_StatTask</a> from os_stat.o(i.OS_StatTask) referenced from os_stat.o(i.OS_StatTaskInit)
 <LI><a href="#[68]">OS_TaskReturn</a> from os_task.o(i.OS_TaskReturn) referenced from os_cpu_c.o(i.OSTaskStkInit)
 <LI><a href="#[6b]">OS_TickTask</a> from os_tick.o(i.OS_TickTask) referenced from os_tick.o(i.OS_TickTaskInit)
 <LI><a href="#[6c]">OS_TmrTask</a> from os_tmr.o(i.OS_TmrTask) referenced from os_tmr.o(i.OS_TmrInit)
 <LI><a href="#[1]">Reset_Handler</a> from cstartup.o(.text) referenced from cstartup.o(RESET)
 <LI><a href="#[66]">__main</a> from entry.o(.ARM.Collect$$$$00000000) referenced from cstartup.o(.text)
 <LI><a href="#[6d]">fputc</a> from usart.o(i.fputc) referenced from printf1.o(i.__0printf$1)
 <LI><a href="#[65]">main</a> from app.o(i.main) referenced from entry9a.o(.ARM.Collect$$$$0000000B)
 <LI><a href="#[6e]">task1</a> from app.o(i.task1) referenced from app.o(i.main)
 <LI><a href="#[6f]">task2</a> from app.o(i.task2) referenced from app.o(i.main)
</UL>
<P>
<H3>
Global Symbols
</H3>
<P><STRONG><a name="[66]"></a>__main</STRONG> (Thumb, 0 bytes, Stack size unknown bytes, entry.o(.ARM.Collect$$$$00000000))
<BR>[Address Reference Count : 1]<UL><LI> cstartup.o(.text)
</UL>
<P><STRONG><a name="[109]"></a>_main_stk</STRONG> (Thumb, 0 bytes, Stack size unknown bytes, entry2.o(.ARM.Collect$$$$00000001))

<P><STRONG><a name="[70]"></a>_main_scatterload</STRONG> (Thumb, 0 bytes, Stack size unknown bytes, entry5.o(.ARM.Collect$$$$00000004))
<BR><BR>[Calls]<UL><LI><a href="#[71]">&gt;&gt;</a>&nbsp;&nbsp;&nbsp;__scatterload
</UL>

<P><STRONG><a name="[73]"></a>__main_after_scatterload</STRONG> (Thumb, 0 bytes, Stack size unknown bytes, entry5.o(.ARM.Collect$$$$00000004))
<BR><BR>[Called By]<UL><LI><a href="#[71]">&gt;&gt;</a>&nbsp;&nbsp;&nbsp;__scatterload
</UL>

<P><STRONG><a name="[10a]"></a>_main_clock</STRONG> (Thumb, 0 bytes, Stack size unknown bytes, entry7b.o(.ARM.Collect$$$$00000008))

<P><STRONG><a name="[10b]"></a>_main_cpp_init</STRONG> (Thumb, 0 bytes, Stack size unknown bytes, entry8b.o(.ARM.Collect$$$$0000000A))

<P><STRONG><a name="[10c]"></a>_main_init</STRONG> (Thumb, 0 bytes, Stack size unknown bytes, entry9a.o(.ARM.Collect$$$$0000000B))

<P><STRONG><a name="[10d]"></a>__rt_final_cpp</STRONG> (Thumb, 0 bytes, Stack size unknown bytes, entry10a.o(.ARM.Collect$$$$0000000D))

<P><STRONG><a name="[10e]"></a>__rt_final_exit</STRONG> (Thumb, 0 bytes, Stack size unknown bytes, entry11a.o(.ARM.Collect$$$$0000000F))

<P><STRONG><a name="[1]"></a>Reset_Handler</STRONG> (Thumb, 36 bytes, Stack size 0 bytes, cstartup.o(.text))
<BR>[Address Reference Count : 1]<UL><LI> cstartup.o(RESET)
</UL>
<P><STRONG><a name="[2]"></a>App_NMI_ISR</STRONG> (Thumb, 2 bytes, Stack size 0 bytes, cstartup.o(.text))
<BR><BR>[Calls]<UL><LI><a href="#[2]">&gt;&gt;</a>&nbsp;&nbsp;&nbsp;App_NMI_ISR
</UL>
<BR>[Called By]<UL><LI><a href="#[2]">&gt;&gt;</a>&nbsp;&nbsp;&nbsp;App_NMI_ISR
</UL>
<BR>[Address Reference Count : 1]<UL><LI> cstartup.o(RESET)
</UL>
<P><STRONG><a name="[3]"></a>App_Fault_ISR</STRONG> (Thumb, 2 bytes, Stack size 0 bytes, cstartup.o(.text))
<BR><BR>[Calls]<UL><LI><a href="#[3]">&gt;&gt;</a>&nbsp;&nbsp;&nbsp;App_Fault_ISR
</UL>
<BR>[Called By]<UL><LI><a href="#[3]">&gt;&gt;</a>&nbsp;&nbsp;&nbsp;App_Fault_ISR
</UL>
<BR>[Address Reference Count : 1]<UL><LI> cstartup.o(RESET)
</UL>
<P><STRONG><a name="[4]"></a>App_MemFault_ISR</STRONG> (Thumb, 2 bytes, Stack size 0 bytes, cstartup.o(.text))
<BR><BR>[Calls]<UL><LI><a href="#[4]">&gt;&gt;</a>&nbsp;&nbsp;&nbsp;App_MemFault_ISR
</UL>
<BR>[Called By]<UL><LI><a href="#[4]">&gt;&gt;</a>&nbsp;&nbsp;&nbsp;App_MemFault_ISR
</UL>
<BR>[Address Reference Count : 1]<UL><LI> cstartup.o(RESET)
</UL>
<P><STRONG><a name="[5]"></a>App_BusFault_ISR</STRONG> (Thumb, 2 bytes, Stack size 0 bytes, cstartup.o(.text))
<BR><BR>[Calls]<UL><LI><a href="#[5]">&gt;&gt;</a>&nbsp;&nbsp;&nbsp;App_BusFault_ISR
</UL>
<BR>[Called By]<UL><LI><a href="#[5]">&gt;&gt;</a>&nbsp;&nbsp;&nbsp;App_BusFault_ISR
</UL>
<BR>[Address Reference Count : 1]<UL><LI> cstartup.o(RESET)
</UL>
<P><STRONG><a name="[6]"></a>App_UsageFault_ISR</STRONG> (Thumb, 2 bytes, Stack size 0 bytes, cstartup.o(.text))
<BR><BR>[Calls]<UL><LI><a href="#[6]">&gt;&gt;</a>&nbsp;&nbsp;&nbsp;App_UsageFault_ISR
</UL>
<BR>[Called By]<UL><LI><a href="#[6]">&gt;&gt;</a>&nbsp;&nbsp;&nbsp;App_UsageFault_ISR
</UL>
<BR>[Address Reference Count : 1]<UL><LI> cstartup.o(RESET)
</UL>
<P><STRONG><a name="[7]"></a>App_Spurious_ISR</STRONG> (Thumb, 2 bytes, Stack size 0 bytes, cstartup.o(.text))
<BR><BR>[Calls]<UL><LI><a href="#[7]">&gt;&gt;</a>&nbsp;&nbsp;&nbsp;App_Spurious_ISR
</UL>
<BR>[Called By]<UL><LI><a href="#[7]">&gt;&gt;</a>&nbsp;&nbsp;&nbsp;App_Spurious_ISR
</UL>
<BR>[Address Reference Count : 1]<UL><LI> cstartup.o(RESET)
</UL>
<P><STRONG><a name="[72]"></a>App_Reserved_ISR</STRONG> (Thumb, 2 bytes, Stack size 0 bytes, cstartup.o(.text), UNUSED)
<BR><BR>[Calls]<UL><LI><a href="#[72]">&gt;&gt;</a>&nbsp;&nbsp;&nbsp;App_Reserved_ISR
</UL>
<BR>[Called By]<UL><LI><a href="#[72]">&gt;&gt;</a>&nbsp;&nbsp;&nbsp;App_Reserved_ISR
</UL>

<P><STRONG><a name="[7b]"></a>CPU_IntDis</STRONG> (Thumb, 0 bytes, Stack size unknown bytes, cpu_a.o(.text))
<BR><BR>[Called By]<UL><LI><a href="#[7a]">&gt;&gt;</a>&nbsp;&nbsp;&nbsp;BSP_IntDisAll
</UL>

<P><STRONG><a name="[10f]"></a>CPU_IntEn</STRONG> (Thumb, 0 bytes, Stack size unknown bytes, cpu_a.o(.text), UNUSED)

<P><STRONG><a name="[7d]"></a>CPU_SR_Save</STRONG> (Thumb, 0 bytes, Stack size unknown bytes, cpu_a.o(.text))
<BR><BR>[Called By]<UL><LI><a href="#[7c]">&gt;&gt;</a>&nbsp;&nbsp;&nbsp;BSP_IntHandler
<LI><a href="#[9]">&gt;&gt;</a>&nbsp;&nbsp;&nbsp;OS_CPU_SysTickHandler
<LI><a href="#[80]">&gt;&gt;</a>&nbsp;&nbsp;&nbsp;OSIntExit
<LI><a href="#[81]">&gt;&gt;</a>&nbsp;&nbsp;&nbsp;BSP_IntVectSet
<LI><a href="#[91]">&gt;&gt;</a>&nbsp;&nbsp;&nbsp;Mem_SegCreate
<LI><a href="#[8e]">&gt;&gt;</a>&nbsp;&nbsp;&nbsp;Math_RandSetSeed
<LI><a href="#[89]">&gt;&gt;</a>&nbsp;&nbsp;&nbsp;CPU_NameClr
<LI><a href="#[b6]">&gt;&gt;</a>&nbsp;&nbsp;&nbsp;OSMutexPost
<LI><a href="#[b2]">&gt;&gt;</a>&nbsp;&nbsp;&nbsp;OSMutexPend
<LI><a href="#[b0]">&gt;&gt;</a>&nbsp;&nbsp;&nbsp;OSMutexCreate
<LI><a href="#[9c]">&gt;&gt;</a>&nbsp;&nbsp;&nbsp;OS_FlagPost
<LI><a href="#[97]">&gt;&gt;</a>&nbsp;&nbsp;&nbsp;OSFlagPend
<LI><a href="#[94]">&gt;&gt;</a>&nbsp;&nbsp;&nbsp;OSFlagCreate
<LI><a href="#[c8]">&gt;&gt;</a>&nbsp;&nbsp;&nbsp;OSTaskCreate
<LI><a href="#[e0]">&gt;&gt;</a>&nbsp;&nbsp;&nbsp;OS_SchedRoundRobin
<LI><a href="#[69]">&gt;&gt;</a>&nbsp;&nbsp;&nbsp;OS_IdleTask
<LI><a href="#[c1]">&gt;&gt;</a>&nbsp;&nbsp;&nbsp;OSSchedUnlock
<LI><a href="#[c0]">&gt;&gt;</a>&nbsp;&nbsp;&nbsp;OSSchedRoundRobinCfg
<LI><a href="#[be]">&gt;&gt;</a>&nbsp;&nbsp;&nbsp;OSSchedLock
<LI><a href="#[99]">&gt;&gt;</a>&nbsp;&nbsp;&nbsp;OSSched
<LI><a href="#[dd]">&gt;&gt;</a>&nbsp;&nbsp;&nbsp;OSTimeDlyHMSM
<LI><a href="#[6b]">&gt;&gt;</a>&nbsp;&nbsp;&nbsp;OS_TickTask
<LI><a href="#[f4]">&gt;&gt;</a>&nbsp;&nbsp;&nbsp;OS_TickListUpdateTimeout
<LI><a href="#[f3]">&gt;&gt;</a>&nbsp;&nbsp;&nbsp;OS_TickListUpdateDly
<LI><a href="#[d7]">&gt;&gt;</a>&nbsp;&nbsp;&nbsp;OS_TaskSemPost
<LI><a href="#[d5]">&gt;&gt;</a>&nbsp;&nbsp;&nbsp;OSTaskSemPend
<LI><a href="#[ce]">&gt;&gt;</a>&nbsp;&nbsp;&nbsp;OSTaskDel
<LI><a href="#[db]">&gt;&gt;</a>&nbsp;&nbsp;&nbsp;OSTimeDly
<LI><a href="#[d8]">&gt;&gt;</a>&nbsp;&nbsp;&nbsp;OSTaskStkChk
<LI><a href="#[6a]">&gt;&gt;</a>&nbsp;&nbsp;&nbsp;OS_StatTask
<LI><a href="#[c5]">&gt;&gt;</a>&nbsp;&nbsp;&nbsp;OSStatReset
</UL>

<P><STRONG><a name="[7f]"></a>CPU_SR_Restore</STRONG> (Thumb, 0 bytes, Stack size unknown bytes, cpu_a.o(.text))
<BR><BR>[Called By]<UL><LI><a href="#[7c]">&gt;&gt;</a>&nbsp;&nbsp;&nbsp;BSP_IntHandler
<LI><a href="#[9]">&gt;&gt;</a>&nbsp;&nbsp;&nbsp;OS_CPU_SysTickHandler
<LI><a href="#[80]">&gt;&gt;</a>&nbsp;&nbsp;&nbsp;OSIntExit
<LI><a href="#[81]">&gt;&gt;</a>&nbsp;&nbsp;&nbsp;BSP_IntVectSet
<LI><a href="#[91]">&gt;&gt;</a>&nbsp;&nbsp;&nbsp;Mem_SegCreate
<LI><a href="#[8e]">&gt;&gt;</a>&nbsp;&nbsp;&nbsp;Math_RandSetSeed
<LI><a href="#[89]">&gt;&gt;</a>&nbsp;&nbsp;&nbsp;CPU_NameClr
<LI><a href="#[b6]">&gt;&gt;</a>&nbsp;&nbsp;&nbsp;OSMutexPost
<LI><a href="#[b2]">&gt;&gt;</a>&nbsp;&nbsp;&nbsp;OSMutexPend
<LI><a href="#[b0]">&gt;&gt;</a>&nbsp;&nbsp;&nbsp;OSMutexCreate
<LI><a href="#[9c]">&gt;&gt;</a>&nbsp;&nbsp;&nbsp;OS_FlagPost
<LI><a href="#[97]">&gt;&gt;</a>&nbsp;&nbsp;&nbsp;OSFlagPend
<LI><a href="#[94]">&gt;&gt;</a>&nbsp;&nbsp;&nbsp;OSFlagCreate
<LI><a href="#[c8]">&gt;&gt;</a>&nbsp;&nbsp;&nbsp;OSTaskCreate
<LI><a href="#[e0]">&gt;&gt;</a>&nbsp;&nbsp;&nbsp;OS_SchedRoundRobin
<LI><a href="#[69]">&gt;&gt;</a>&nbsp;&nbsp;&nbsp;OS_IdleTask
<LI><a href="#[c1]">&gt;&gt;</a>&nbsp;&nbsp;&nbsp;OSSchedUnlock
<LI><a href="#[c0]">&gt;&gt;</a>&nbsp;&nbsp;&nbsp;OSSchedRoundRobinCfg
<LI><a href="#[be]">&gt;&gt;</a>&nbsp;&nbsp;&nbsp;OSSchedLock
<LI><a href="#[99]">&gt;&gt;</a>&nbsp;&nbsp;&nbsp;OSSched
<LI><a href="#[dd]">&gt;&gt;</a>&nbsp;&nbsp;&nbsp;OSTimeDlyHMSM
<LI><a href="#[6b]">&gt;&gt;</a>&nbsp;&nbsp;&nbsp;OS_TickTask
<LI><a href="#[f4]">&gt;&gt;</a>&nbsp;&nbsp;&nbsp;OS_TickListUpdateTimeout
<LI><a href="#[f3]">&gt;&gt;</a>&nbsp;&nbsp;&nbsp;OS_TickListUpdateDly
<LI><a href="#[d7]">&gt;&gt;</a>&nbsp;&nbsp;&nbsp;OS_TaskSemPost
<LI><a href="#[d5]">&gt;&gt;</a>&nbsp;&nbsp;&nbsp;OSTaskSemPend
<LI><a href="#[ce]">&gt;&gt;</a>&nbsp;&nbsp;&nbsp;OSTaskDel
<LI><a href="#[db]">&gt;&gt;</a>&nbsp;&nbsp;&nbsp;OSTimeDly
<LI><a href="#[d8]">&gt;&gt;</a>&nbsp;&nbsp;&nbsp;OSTaskStkChk
<LI><a href="#[6a]">&gt;&gt;</a>&nbsp;&nbsp;&nbsp;OS_StatTask
<LI><a href="#[c5]">&gt;&gt;</a>&nbsp;&nbsp;&nbsp;OSStatReset
</UL>

<P><STRONG><a name="[110]"></a>CPU_WaitForInt</STRONG> (Thumb, 0 bytes, Stack size unknown bytes, cpu_a.o(.text), UNUSED)

<P><STRONG><a name="[111]"></a>CPU_WaitForExcept</STRONG> (Thumb, 0 bytes, Stack size unknown bytes, cpu_a.o(.text), UNUSED)

<P><STRONG><a name="[ec]"></a>CPU_CntLeadZeros</STRONG> (Thumb, 0 bytes, Stack size unknown bytes, cpu_a.o(.text))
<BR><BR>[Called By]<UL><LI><a href="#[ae]">&gt;&gt;</a>&nbsp;&nbsp;&nbsp;OS_PrioGetHighest
</UL>

<P><STRONG><a name="[112]"></a>CPU_CntTrailZeros</STRONG> (Thumb, 0 bytes, Stack size unknown bytes, cpu_a.o(.text), UNUSED)

<P><STRONG><a name="[113]"></a>CPU_RevBits</STRONG> (Thumb, 0 bytes, Stack size unknown bytes, cpu_a.o(.text), UNUSED)

<P><STRONG><a name="[114]"></a>__aeabi_uidiv</STRONG> (Thumb, 0 bytes, Stack size 12 bytes, uidiv.o(.text), UNUSED)

<P><STRONG><a name="[fb]"></a>__aeabi_uidivmod</STRONG> (Thumb, 44 bytes, Stack size 12 bytes, uidiv.o(.text), UNUSED)
<BR><BR>[Called By]<UL><LI><a href="#[fa]">&gt;&gt;</a>&nbsp;&nbsp;&nbsp;_printf_core
</UL>

<P><STRONG><a name="[71]"></a>__scatterload</STRONG> (Thumb, 28 bytes, Stack size 0 bytes, init.o(.text))
<BR><BR>[Calls]<UL><LI><a href="#[73]">&gt;&gt;</a>&nbsp;&nbsp;&nbsp;__main_after_scatterload
</UL>
<BR>[Called By]<UL><LI><a href="#[70]">&gt;&gt;</a>&nbsp;&nbsp;&nbsp;_main_scatterload
</UL>

<P><STRONG><a name="[115]"></a>__scatterload_rt2</STRONG> (Thumb, 0 bytes, Stack size 0 bytes, init.o(.text), UNUSED)

<P><STRONG><a name="[d9]"></a>OS_CPU_FP_Reg_Push</STRONG> (Thumb, 0 bytes, Stack size unknown bytes, os_cpu_a.o(CODE))
<BR><BR>[Called By]<UL><LI><a href="#[74]">&gt;&gt;</a>&nbsp;&nbsp;&nbsp;OSTaskSwHook
</UL>

<P><STRONG><a name="[da]"></a>OS_CPU_FP_Reg_Pop</STRONG> (Thumb, 0 bytes, Stack size unknown bytes, os_cpu_a.o(CODE))
<BR><BR>[Called By]<UL><LI><a href="#[74]">&gt;&gt;</a>&nbsp;&nbsp;&nbsp;OSTaskSwHook
</UL>

<P><STRONG><a name="[c4]"></a>OSStartHighRdy</STRONG> (Thumb, 0 bytes, Stack size unknown bytes, os_cpu_a.o(CODE))
<BR><BR>[Called By]<UL><LI><a href="#[c3]">&gt;&gt;</a>&nbsp;&nbsp;&nbsp;OSStart
</UL>

<P><STRONG><a name="[bd]"></a>OSCtxSw</STRONG> (Thumb, 0 bytes, Stack size unknown bytes, os_cpu_a.o(CODE))
<BR><BR>[Called By]<UL><LI><a href="#[99]">&gt;&gt;</a>&nbsp;&nbsp;&nbsp;OSSched
</UL>

<P><STRONG><a name="[af]"></a>OSIntCtxSw</STRONG> (Thumb, 0 bytes, Stack size unknown bytes, os_cpu_a.o(CODE))
<BR><BR>[Called By]<UL><LI><a href="#[80]">&gt;&gt;</a>&nbsp;&nbsp;&nbsp;OSIntExit
</UL>

<P><STRONG><a name="[8]"></a>OS_CPU_PendSVHandler</STRONG> (Thumb, 0 bytes, Stack size unknown bytes, os_cpu_a.o(CODE))
<BR><BR>[Stack]<UL><LI>Max Depth = 8 + Unknown Stack Size
<LI>Call Chain = OS_CPU_PendSVHandler &rArr; OSTaskSwHook
</UL>
<BR>[Calls]<UL><LI><a href="#[74]">&gt;&gt;</a>&nbsp;&nbsp;&nbsp;OSTaskSwHook
</UL>
<BR>[Address Reference Count : 1]<UL><LI> cstartup.o(RESET)
</UL>
<P><STRONG><a name="[75]"></a>BSP_CPU_ClkFreq</STRONG> (Thumb, 14 bytes, Stack size 24 bytes, bsp.o(i.BSP_CPU_ClkFreq))
<BR><BR>[Stack]<UL><LI>Max Depth = 44<LI>Call Chain = BSP_CPU_ClkFreq &rArr; RCC_GetClocksFreq
</UL>
<BR>[Calls]<UL><LI><a href="#[76]">&gt;&gt;</a>&nbsp;&nbsp;&nbsp;RCC_GetClocksFreq
</UL>
<BR>[Called By]<UL><LI><a href="#[8b]">&gt;&gt;</a>&nbsp;&nbsp;&nbsp;CPU_TS_TmrInit
<LI><a href="#[84]">&gt;&gt;</a>&nbsp;&nbsp;&nbsp;BSP_Tick_Init
</UL>

<P><STRONG><a name="[77]"></a>BSP_Init</STRONG> (Thumb, 262 bytes, Stack size 16 bytes, bsp.o(i.BSP_Init))
<BR><BR>[Stack]<UL><LI>Max Depth = 52 + Unknown Stack Size
<LI>Call Chain = BSP_Init &rArr; BSP_LED_Init &rArr; GPIO_Init
</UL>
<BR>[Calls]<UL><LI><a href="#[78]">&gt;&gt;</a>&nbsp;&nbsp;&nbsp;BSP_IntInit
<LI><a href="#[79]">&gt;&gt;</a>&nbsp;&nbsp;&nbsp;BSP_LED_Init
</UL>
<BR>[Called By]<UL><LI><a href="#[65]">&gt;&gt;</a>&nbsp;&nbsp;&nbsp;main
</UL>

<P><STRONG><a name="[7a]"></a>BSP_IntDisAll</STRONG> (Thumb, 8 bytes, Stack size 8 bytes, bsp_int.o(i.BSP_IntDisAll))
<BR><BR>[Stack]<UL><LI>Max Depth = 8 + Unknown Stack Size
<LI>Call Chain = BSP_IntDisAll
</UL>
<BR>[Calls]<UL><LI><a href="#[7b]">&gt;&gt;</a>&nbsp;&nbsp;&nbsp;CPU_IntDis
</UL>
<BR>[Called By]<UL><LI><a href="#[65]">&gt;&gt;</a>&nbsp;&nbsp;&nbsp;main
</UL>

<P><STRONG><a name="[1c]"></a>BSP_IntHandlerADC</STRONG> (Thumb, 10 bytes, Stack size 8 bytes, bsp_int.o(i.BSP_IntHandlerADC))
<BR><BR>[Stack]<UL><LI>Max Depth = 48 + Unknown Stack Size
<LI>Call Chain = BSP_IntHandlerADC &rArr; BSP_IntHandler &rArr; OSIntExit &rArr; OS_PrioGetHighest
</UL>
<BR>[Calls]<UL><LI><a href="#[7c]">&gt;&gt;</a>&nbsp;&nbsp;&nbsp;BSP_IntHandler
</UL>
<BR>[Address Reference Count : 1]<UL><LI> cstartup.o(RESET)
</UL>
<P><STRONG><a name="[1e]"></a>BSP_IntHandlerCAN1_RX0</STRONG> (Thumb, 10 bytes, Stack size 8 bytes, bsp_int.o(i.BSP_IntHandlerCAN1_RX0))
<BR><BR>[Stack]<UL><LI>Max Depth = 48 + Unknown Stack Size
<LI>Call Chain = BSP_IntHandlerCAN1_RX0 &rArr; BSP_IntHandler &rArr; OSIntExit &rArr; OS_PrioGetHighest
</UL>
<BR>[Calls]<UL><LI><a href="#[7c]">&gt;&gt;</a>&nbsp;&nbsp;&nbsp;BSP_IntHandler
</UL>
<BR>[Address Reference Count : 1]<UL><LI> cstartup.o(RESET)
</UL>
<P><STRONG><a name="[1f]"></a>BSP_IntHandlerCAN1_RX1</STRONG> (Thumb, 10 bytes, Stack size 8 bytes, bsp_int.o(i.BSP_IntHandlerCAN1_RX1))
<BR><BR>[Stack]<UL><LI>Max Depth = 48 + Unknown Stack Size
<LI>Call Chain = BSP_IntHandlerCAN1_RX1 &rArr; BSP_IntHandler &rArr; OSIntExit &rArr; OS_PrioGetHighest
</UL>
<BR>[Calls]<UL><LI><a href="#[7c]">&gt;&gt;</a>&nbsp;&nbsp;&nbsp;BSP_IntHandler
</UL>
<BR>[Address Reference Count : 1]<UL><LI> cstartup.o(RESET)
</UL>
<P><STRONG><a name="[20]"></a>BSP_IntHandlerCAN1_SCE</STRONG> (Thumb, 10 bytes, Stack size 8 bytes, bsp_int.o(i.BSP_IntHandlerCAN1_SCE))
<BR><BR>[Stack]<UL><LI>Max Depth = 48 + Unknown Stack Size
<LI>Call Chain = BSP_IntHandlerCAN1_SCE &rArr; BSP_IntHandler &rArr; OSIntExit &rArr; OS_PrioGetHighest
</UL>
<BR>[Calls]<UL><LI><a href="#[7c]">&gt;&gt;</a>&nbsp;&nbsp;&nbsp;BSP_IntHandler
</UL>
<BR>[Address Reference Count : 1]<UL><LI> cstartup.o(RESET)
</UL>
<P><STRONG><a name="[1d]"></a>BSP_IntHandlerCAN1_TX</STRONG> (Thumb, 10 bytes, Stack size 8 bytes, bsp_int.o(i.BSP_IntHandlerCAN1_TX))
<BR><BR>[Stack]<UL><LI>Max Depth = 48 + Unknown Stack Size
<LI>Call Chain = BSP_IntHandlerCAN1_TX &rArr; BSP_IntHandler &rArr; OSIntExit &rArr; OS_PrioGetHighest
</UL>
<BR>[Calls]<UL><LI><a href="#[7c]">&gt;&gt;</a>&nbsp;&nbsp;&nbsp;BSP_IntHandler
</UL>
<BR>[Address Reference Count : 1]<UL><LI> cstartup.o(RESET)
</UL>
<P><STRONG><a name="[4a]"></a>BSP_IntHandlerCAN2_RX0</STRONG> (Thumb, 10 bytes, Stack size 8 bytes, bsp_int.o(i.BSP_IntHandlerCAN2_RX0))
<BR><BR>[Stack]<UL><LI>Max Depth = 48 + Unknown Stack Size
<LI>Call Chain = BSP_IntHandlerCAN2_RX0 &rArr; BSP_IntHandler &rArr; OSIntExit &rArr; OS_PrioGetHighest
</UL>
<BR>[Calls]<UL><LI><a href="#[7c]">&gt;&gt;</a>&nbsp;&nbsp;&nbsp;BSP_IntHandler
</UL>
<BR>[Address Reference Count : 1]<UL><LI> cstartup.o(RESET)
</UL>
<P><STRONG><a name="[4b]"></a>BSP_IntHandlerCAN2_RX1</STRONG> (Thumb, 10 bytes, Stack size 8 bytes, bsp_int.o(i.BSP_IntHandlerCAN2_RX1))
<BR><BR>[Stack]<UL><LI>Max Depth = 48 + Unknown Stack Size
<LI>Call Chain = BSP_IntHandlerCAN2_RX1 &rArr; BSP_IntHandler &rArr; OSIntExit &rArr; OS_PrioGetHighest
</UL>
<BR>[Calls]<UL><LI><a href="#[7c]">&gt;&gt;</a>&nbsp;&nbsp;&nbsp;BSP_IntHandler
</UL>
<BR>[Address Reference Count : 1]<UL><LI> cstartup.o(RESET)
</UL>
<P><STRONG><a name="[4c]"></a>BSP_IntHandlerCAN2_SCE</STRONG> (Thumb, 10 bytes, Stack size 8 bytes, bsp_int.o(i.BSP_IntHandlerCAN2_SCE))
<BR><BR>[Stack]<UL><LI>Max Depth = 48 + Unknown Stack Size
<LI>Call Chain = BSP_IntHandlerCAN2_SCE &rArr; BSP_IntHandler &rArr; OSIntExit &rArr; OS_PrioGetHighest
</UL>
<BR>[Calls]<UL><LI><a href="#[7c]">&gt;&gt;</a>&nbsp;&nbsp;&nbsp;BSP_IntHandler
</UL>
<BR>[Address Reference Count : 1]<UL><LI> cstartup.o(RESET)
</UL>
<P><STRONG><a name="[49]"></a>BSP_IntHandlerCAN2_TX</STRONG> (Thumb, 10 bytes, Stack size 8 bytes, bsp_int.o(i.BSP_IntHandlerCAN2_TX))
<BR><BR>[Stack]<UL><LI>Max Depth = 48 + Unknown Stack Size
<LI>Call Chain = BSP_IntHandlerCAN2_TX &rArr; BSP_IntHandler &rArr; OSIntExit &rArr; OS_PrioGetHighest
</UL>
<BR>[Calls]<UL><LI><a href="#[7c]">&gt;&gt;</a>&nbsp;&nbsp;&nbsp;BSP_IntHandler
</UL>
<BR>[Address Reference Count : 1]<UL><LI> cstartup.o(RESET)
</UL>
<P><STRONG><a name="[59]"></a>BSP_IntHandlerCRYP</STRONG> (Thumb, 10 bytes, Stack size 8 bytes, bsp_int.o(i.BSP_IntHandlerCRYP))
<BR><BR>[Stack]<UL><LI>Max Depth = 48 + Unknown Stack Size
<LI>Call Chain = BSP_IntHandlerCRYP &rArr; BSP_IntHandler &rArr; OSIntExit &rArr; OS_PrioGetHighest
</UL>
<BR>[Calls]<UL><LI><a href="#[7c]">&gt;&gt;</a>&nbsp;&nbsp;&nbsp;BSP_IntHandler
</UL>
<BR>[Address Reference Count : 1]<UL><LI> cstartup.o(RESET)
</UL>
<P><STRONG><a name="[58]"></a>BSP_IntHandlerDCMI</STRONG> (Thumb, 10 bytes, Stack size 8 bytes, bsp_int.o(i.BSP_IntHandlerDCMI))
<BR><BR>[Stack]<UL><LI>Max Depth = 48 + Unknown Stack Size
<LI>Call Chain = BSP_IntHandlerDCMI &rArr; BSP_IntHandler &rArr; OSIntExit &rArr; OS_PrioGetHighest
</UL>
<BR>[Calls]<UL><LI><a href="#[7c]">&gt;&gt;</a>&nbsp;&nbsp;&nbsp;BSP_IntHandler
</UL>
<BR>[Address Reference Count : 1]<UL><LI> cstartup.o(RESET)
</UL>
<P><STRONG><a name="[15]"></a>BSP_IntHandlerDMA1_CH0</STRONG> (Thumb, 10 bytes, Stack size 8 bytes, bsp_int.o(i.BSP_IntHandlerDMA1_CH0))
<BR><BR>[Stack]<UL><LI>Max Depth = 48 + Unknown Stack Size
<LI>Call Chain = BSP_IntHandlerDMA1_CH0 &rArr; BSP_IntHandler &rArr; OSIntExit &rArr; OS_PrioGetHighest
</UL>
<BR>[Calls]<UL><LI><a href="#[7c]">&gt;&gt;</a>&nbsp;&nbsp;&nbsp;BSP_IntHandler
</UL>
<BR>[Address Reference Count : 1]<UL><LI> cstartup.o(RESET)
</UL>
<P><STRONG><a name="[16]"></a>BSP_IntHandlerDMA1_CH1</STRONG> (Thumb, 10 bytes, Stack size 8 bytes, bsp_int.o(i.BSP_IntHandlerDMA1_CH1))
<BR><BR>[Stack]<UL><LI>Max Depth = 48 + Unknown Stack Size
<LI>Call Chain = BSP_IntHandlerDMA1_CH1 &rArr; BSP_IntHandler &rArr; OSIntExit &rArr; OS_PrioGetHighest
</UL>
<BR>[Calls]<UL><LI><a href="#[7c]">&gt;&gt;</a>&nbsp;&nbsp;&nbsp;BSP_IntHandler
</UL>
<BR>[Address Reference Count : 1]<UL><LI> cstartup.o(RESET)
</UL>
<P><STRONG><a name="[17]"></a>BSP_IntHandlerDMA1_CH2</STRONG> (Thumb, 10 bytes, Stack size 8 bytes, bsp_int.o(i.BSP_IntHandlerDMA1_CH2))
<BR><BR>[Stack]<UL><LI>Max Depth = 48 + Unknown Stack Size
<LI>Call Chain = BSP_IntHandlerDMA1_CH2 &rArr; BSP_IntHandler &rArr; OSIntExit &rArr; OS_PrioGetHighest
</UL>
<BR>[Calls]<UL><LI><a href="#[7c]">&gt;&gt;</a>&nbsp;&nbsp;&nbsp;BSP_IntHandler
</UL>
<BR>[Address Reference Count : 1]<UL><LI> cstartup.o(RESET)
</UL>
<P><STRONG><a name="[18]"></a>BSP_IntHandlerDMA1_CH3</STRONG> (Thumb, 10 bytes, Stack size 8 bytes, bsp_int.o(i.BSP_IntHandlerDMA1_CH3))
<BR><BR>[Stack]<UL><LI>Max Depth = 48 + Unknown Stack Size
<LI>Call Chain = BSP_IntHandlerDMA1_CH3 &rArr; BSP_IntHandler &rArr; OSIntExit &rArr; OS_PrioGetHighest
</UL>
<BR>[Calls]<UL><LI><a href="#[7c]">&gt;&gt;</a>&nbsp;&nbsp;&nbsp;BSP_IntHandler
</UL>
<BR>[Address Reference Count : 1]<UL><LI> cstartup.o(RESET)
</UL>
<P><STRONG><a name="[19]"></a>BSP_IntHandlerDMA1_CH4</STRONG> (Thumb, 10 bytes, Stack size 8 bytes, bsp_int.o(i.BSP_IntHandlerDMA1_CH4))
<BR><BR>[Stack]<UL><LI>Max Depth = 48 + Unknown Stack Size
<LI>Call Chain = BSP_IntHandlerDMA1_CH4 &rArr; BSP_IntHandler &rArr; OSIntExit &rArr; OS_PrioGetHighest
</UL>
<BR>[Calls]<UL><LI><a href="#[7c]">&gt;&gt;</a>&nbsp;&nbsp;&nbsp;BSP_IntHandler
</UL>
<BR>[Address Reference Count : 1]<UL><LI> cstartup.o(RESET)
</UL>
<P><STRONG><a name="[1a]"></a>BSP_IntHandlerDMA1_CH5</STRONG> (Thumb, 10 bytes, Stack size 8 bytes, bsp_int.o(i.BSP_IntHandlerDMA1_CH5))
<BR><BR>[Stack]<UL><LI>Max Depth = 48 + Unknown Stack Size
<LI>Call Chain = BSP_IntHandlerDMA1_CH5 &rArr; BSP_IntHandler &rArr; OSIntExit &rArr; OS_PrioGetHighest
</UL>
<BR>[Calls]<UL><LI><a href="#[7c]">&gt;&gt;</a>&nbsp;&nbsp;&nbsp;BSP_IntHandler
</UL>
<BR>[Address Reference Count : 1]<UL><LI> cstartup.o(RESET)
</UL>
<P><STRONG><a name="[1b]"></a>BSP_IntHandlerDMA1_CH6</STRONG> (Thumb, 10 bytes, Stack size 8 bytes, bsp_int.o(i.BSP_IntHandlerDMA1_CH6))
<BR><BR>[Stack]<UL><LI>Max Depth = 48 + Unknown Stack Size
<LI>Call Chain = BSP_IntHandlerDMA1_CH6 &rArr; BSP_IntHandler &rArr; OSIntExit &rArr; OS_PrioGetHighest
</UL>
<BR>[Calls]<UL><LI><a href="#[7c]">&gt;&gt;</a>&nbsp;&nbsp;&nbsp;BSP_IntHandler
</UL>
<BR>[Address Reference Count : 1]<UL><LI> cstartup.o(RESET)
</UL>
<P><STRONG><a name="[39]"></a>BSP_IntHandlerDMA1_STREAM7</STRONG> (Thumb, 10 bytes, Stack size 8 bytes, bsp_int.o(i.BSP_IntHandlerDMA1_STREAM7))
<BR><BR>[Stack]<UL><LI>Max Depth = 48 + Unknown Stack Size
<LI>Call Chain = BSP_IntHandlerDMA1_STREAM7 &rArr; BSP_IntHandler &rArr; OSIntExit &rArr; OS_PrioGetHighest
</UL>
<BR>[Calls]<UL><LI><a href="#[7c]">&gt;&gt;</a>&nbsp;&nbsp;&nbsp;BSP_IntHandler
</UL>
<BR>[Address Reference Count : 1]<UL><LI> cstartup.o(RESET)
</UL>
<P><STRONG><a name="[64]"></a>BSP_IntHandlerDMA2D</STRONG> (Thumb, 10 bytes, Stack size 8 bytes, bsp_int.o(i.BSP_IntHandlerDMA2D))
<BR><BR>[Stack]<UL><LI>Max Depth = 48 + Unknown Stack Size
<LI>Call Chain = BSP_IntHandlerDMA2D &rArr; BSP_IntHandler &rArr; OSIntExit &rArr; OS_PrioGetHighest
</UL>
<BR>[Calls]<UL><LI><a href="#[7c]">&gt;&gt;</a>&nbsp;&nbsp;&nbsp;BSP_IntHandler
</UL>
<BR>[Address Reference Count : 1]<UL><LI> cstartup.o(RESET)
</UL>
<P><STRONG><a name="[42]"></a>BSP_IntHandlerDMA2_CH0</STRONG> (Thumb, 10 bytes, Stack size 8 bytes, bsp_int.o(i.BSP_IntHandlerDMA2_CH0))
<BR><BR>[Stack]<UL><LI>Max Depth = 48 + Unknown Stack Size
<LI>Call Chain = BSP_IntHandlerDMA2_CH0 &rArr; BSP_IntHandler &rArr; OSIntExit &rArr; OS_PrioGetHighest
</UL>
<BR>[Calls]<UL><LI><a href="#[7c]">&gt;&gt;</a>&nbsp;&nbsp;&nbsp;BSP_IntHandler
</UL>
<BR>[Address Reference Count : 1]<UL><LI> cstartup.o(RESET)
</UL>
<P><STRONG><a name="[43]"></a>BSP_IntHandlerDMA2_CH1</STRONG> (Thumb, 10 bytes, Stack size 8 bytes, bsp_int.o(i.BSP_IntHandlerDMA2_CH1))
<BR><BR>[Stack]<UL><LI>Max Depth = 48 + Unknown Stack Size
<LI>Call Chain = BSP_IntHandlerDMA2_CH1 &rArr; BSP_IntHandler &rArr; OSIntExit &rArr; OS_PrioGetHighest
</UL>
<BR>[Calls]<UL><LI><a href="#[7c]">&gt;&gt;</a>&nbsp;&nbsp;&nbsp;BSP_IntHandler
</UL>
<BR>[Address Reference Count : 1]<UL><LI> cstartup.o(RESET)
</UL>
<P><STRONG><a name="[44]"></a>BSP_IntHandlerDMA2_CH2</STRONG> (Thumb, 10 bytes, Stack size 8 bytes, bsp_int.o(i.BSP_IntHandlerDMA2_CH2))
<BR><BR>[Stack]<UL><LI>Max Depth = 48 + Unknown Stack Size
<LI>Call Chain = BSP_IntHandlerDMA2_CH2 &rArr; BSP_IntHandler &rArr; OSIntExit &rArr; OS_PrioGetHighest
</UL>
<BR>[Calls]<UL><LI><a href="#[7c]">&gt;&gt;</a>&nbsp;&nbsp;&nbsp;BSP_IntHandler
</UL>
<BR>[Address Reference Count : 1]<UL><LI> cstartup.o(RESET)
</UL>
<P><STRONG><a name="[45]"></a>BSP_IntHandlerDMA2_CH3</STRONG> (Thumb, 10 bytes, Stack size 8 bytes, bsp_int.o(i.BSP_IntHandlerDMA2_CH3))
<BR><BR>[Stack]<UL><LI>Max Depth = 48 + Unknown Stack Size
<LI>Call Chain = BSP_IntHandlerDMA2_CH3 &rArr; BSP_IntHandler &rArr; OSIntExit &rArr; OS_PrioGetHighest
</UL>
<BR>[Calls]<UL><LI><a href="#[7c]">&gt;&gt;</a>&nbsp;&nbsp;&nbsp;BSP_IntHandler
</UL>
<BR>[Address Reference Count : 1]<UL><LI> cstartup.o(RESET)
</UL>
<P><STRONG><a name="[46]"></a>BSP_IntHandlerDMA2_CH4</STRONG> (Thumb, 10 bytes, Stack size 8 bytes, bsp_int.o(i.BSP_IntHandlerDMA2_CH4))
<BR><BR>[Stack]<UL><LI>Max Depth = 48 + Unknown Stack Size
<LI>Call Chain = BSP_IntHandlerDMA2_CH4 &rArr; BSP_IntHandler &rArr; OSIntExit &rArr; OS_PrioGetHighest
</UL>
<BR>[Calls]<UL><LI><a href="#[7c]">&gt;&gt;</a>&nbsp;&nbsp;&nbsp;BSP_IntHandler
</UL>
<BR>[Address Reference Count : 1]<UL><LI> cstartup.o(RESET)
</UL>
<P><STRONG><a name="[4e]"></a>BSP_IntHandlerDMA2_CH5</STRONG> (Thumb, 10 bytes, Stack size 8 bytes, bsp_int.o(i.BSP_IntHandlerDMA2_CH5))
<BR><BR>[Stack]<UL><LI>Max Depth = 48 + Unknown Stack Size
<LI>Call Chain = BSP_IntHandlerDMA2_CH5 &rArr; BSP_IntHandler &rArr; OSIntExit &rArr; OS_PrioGetHighest
</UL>
<BR>[Calls]<UL><LI><a href="#[7c]">&gt;&gt;</a>&nbsp;&nbsp;&nbsp;BSP_IntHandler
</UL>
<BR>[Address Reference Count : 1]<UL><LI> cstartup.o(RESET)
</UL>
<P><STRONG><a name="[4f]"></a>BSP_IntHandlerDMA2_CH6</STRONG> (Thumb, 10 bytes, Stack size 8 bytes, bsp_int.o(i.BSP_IntHandlerDMA2_CH6))
<BR><BR>[Stack]<UL><LI>Max Depth = 48 + Unknown Stack Size
<LI>Call Chain = BSP_IntHandlerDMA2_CH6 &rArr; BSP_IntHandler &rArr; OSIntExit &rArr; OS_PrioGetHighest
</UL>
<BR>[Calls]<UL><LI><a href="#[7c]">&gt;&gt;</a>&nbsp;&nbsp;&nbsp;BSP_IntHandler
</UL>
<BR>[Address Reference Count : 1]<UL><LI> cstartup.o(RESET)
</UL>
<P><STRONG><a name="[50]"></a>BSP_IntHandlerDMA2_CH7</STRONG> (Thumb, 10 bytes, Stack size 8 bytes, bsp_int.o(i.BSP_IntHandlerDMA2_CH7))
<BR><BR>[Stack]<UL><LI>Max Depth = 48 + Unknown Stack Size
<LI>Call Chain = BSP_IntHandlerDMA2_CH7 &rArr; BSP_IntHandler &rArr; OSIntExit &rArr; OS_PrioGetHighest
</UL>
<BR>[Calls]<UL><LI><a href="#[7c]">&gt;&gt;</a>&nbsp;&nbsp;&nbsp;BSP_IntHandler
</UL>
<BR>[Address Reference Count : 1]<UL><LI> cstartup.o(RESET)
</UL>
<P><STRONG><a name="[47]"></a>BSP_IntHandlerETH</STRONG> (Thumb, 10 bytes, Stack size 8 bytes, bsp_int.o(i.BSP_IntHandlerETH))
<BR><BR>[Stack]<UL><LI>Max Depth = 48 + Unknown Stack Size
<LI>Call Chain = BSP_IntHandlerETH &rArr; BSP_IntHandler &rArr; OSIntExit &rArr; OS_PrioGetHighest
</UL>
<BR>[Calls]<UL><LI><a href="#[7c]">&gt;&gt;</a>&nbsp;&nbsp;&nbsp;BSP_IntHandler
</UL>
<BR>[Address Reference Count : 1]<UL><LI> cstartup.o(RESET)
</UL>
<P><STRONG><a name="[48]"></a>BSP_IntHandlerETHWakeup</STRONG> (Thumb, 10 bytes, Stack size 8 bytes, bsp_int.o(i.BSP_IntHandlerETHWakeup))
<BR><BR>[Stack]<UL><LI>Max Depth = 48 + Unknown Stack Size
<LI>Call Chain = BSP_IntHandlerETHWakeup &rArr; BSP_IntHandler &rArr; OSIntExit &rArr; OS_PrioGetHighest
</UL>
<BR>[Calls]<UL><LI><a href="#[7c]">&gt;&gt;</a>&nbsp;&nbsp;&nbsp;BSP_IntHandler
</UL>
<BR>[Address Reference Count : 1]<UL><LI> cstartup.o(RESET)
</UL>
<P><STRONG><a name="[10]"></a>BSP_IntHandlerEXTI0</STRONG> (Thumb, 10 bytes, Stack size 8 bytes, bsp_int.o(i.BSP_IntHandlerEXTI0))
<BR><BR>[Stack]<UL><LI>Max Depth = 48 + Unknown Stack Size
<LI>Call Chain = BSP_IntHandlerEXTI0 &rArr; BSP_IntHandler &rArr; OSIntExit &rArr; OS_PrioGetHighest
</UL>
<BR>[Calls]<UL><LI><a href="#[7c]">&gt;&gt;</a>&nbsp;&nbsp;&nbsp;BSP_IntHandler
</UL>
<BR>[Address Reference Count : 1]<UL><LI> cstartup.o(RESET)
</UL>
<P><STRONG><a name="[11]"></a>BSP_IntHandlerEXTI1</STRONG> (Thumb, 10 bytes, Stack size 8 bytes, bsp_int.o(i.BSP_IntHandlerEXTI1))
<BR><BR>[Stack]<UL><LI>Max Depth = 48 + Unknown Stack Size
<LI>Call Chain = BSP_IntHandlerEXTI1 &rArr; BSP_IntHandler &rArr; OSIntExit &rArr; OS_PrioGetHighest
</UL>
<BR>[Calls]<UL><LI><a href="#[7c]">&gt;&gt;</a>&nbsp;&nbsp;&nbsp;BSP_IntHandler
</UL>
<BR>[Address Reference Count : 1]<UL><LI> cstartup.o(RESET)
</UL>
<P><STRONG><a name="[32]"></a>BSP_IntHandlerEXTI15_10</STRONG> (Thumb, 10 bytes, Stack size 8 bytes, bsp_int.o(i.BSP_IntHandlerEXTI15_10))
<BR><BR>[Stack]<UL><LI>Max Depth = 48 + Unknown Stack Size
<LI>Call Chain = BSP_IntHandlerEXTI15_10 &rArr; BSP_IntHandler &rArr; OSIntExit &rArr; OS_PrioGetHighest
</UL>
<BR>[Calls]<UL><LI><a href="#[7c]">&gt;&gt;</a>&nbsp;&nbsp;&nbsp;BSP_IntHandler
</UL>
<BR>[Address Reference Count : 1]<UL><LI> cstartup.o(RESET)
</UL>
<P><STRONG><a name="[12]"></a>BSP_IntHandlerEXTI2</STRONG> (Thumb, 10 bytes, Stack size 8 bytes, bsp_int.o(i.BSP_IntHandlerEXTI2))
<BR><BR>[Stack]<UL><LI>Max Depth = 48 + Unknown Stack Size
<LI>Call Chain = BSP_IntHandlerEXTI2 &rArr; BSP_IntHandler &rArr; OSIntExit &rArr; OS_PrioGetHighest
</UL>
<BR>[Calls]<UL><LI><a href="#[7c]">&gt;&gt;</a>&nbsp;&nbsp;&nbsp;BSP_IntHandler
</UL>
<BR>[Address Reference Count : 1]<UL><LI> cstartup.o(RESET)
</UL>
<P><STRONG><a name="[13]"></a>BSP_IntHandlerEXTI3</STRONG> (Thumb, 10 bytes, Stack size 8 bytes, bsp_int.o(i.BSP_IntHandlerEXTI3))
<BR><BR>[Stack]<UL><LI>Max Depth = 48 + Unknown Stack Size
<LI>Call Chain = BSP_IntHandlerEXTI3 &rArr; BSP_IntHandler &rArr; OSIntExit &rArr; OS_PrioGetHighest
</UL>
<BR>[Calls]<UL><LI><a href="#[7c]">&gt;&gt;</a>&nbsp;&nbsp;&nbsp;BSP_IntHandler
</UL>
<BR>[Address Reference Count : 1]<UL><LI> cstartup.o(RESET)
</UL>
<P><STRONG><a name="[14]"></a>BSP_IntHandlerEXTI4</STRONG> (Thumb, 10 bytes, Stack size 8 bytes, bsp_int.o(i.BSP_IntHandlerEXTI4))
<BR><BR>[Stack]<UL><LI>Max Depth = 48 + Unknown Stack Size
<LI>Call Chain = BSP_IntHandlerEXTI4 &rArr; BSP_IntHandler &rArr; OSIntExit &rArr; OS_PrioGetHighest
</UL>
<BR>[Calls]<UL><LI><a href="#[7c]">&gt;&gt;</a>&nbsp;&nbsp;&nbsp;BSP_IntHandler
</UL>
<BR>[Address Reference Count : 1]<UL><LI> cstartup.o(RESET)
</UL>
<P><STRONG><a name="[21]"></a>BSP_IntHandlerEXTI9_5</STRONG> (Thumb, 10 bytes, Stack size 8 bytes, bsp_int.o(i.BSP_IntHandlerEXTI9_5))
<BR><BR>[Stack]<UL><LI>Max Depth = 48 + Unknown Stack Size
<LI>Call Chain = BSP_IntHandlerEXTI9_5 &rArr; BSP_IntHandler &rArr; OSIntExit &rArr; OS_PrioGetHighest
</UL>
<BR>[Calls]<UL><LI><a href="#[7c]">&gt;&gt;</a>&nbsp;&nbsp;&nbsp;BSP_IntHandler
</UL>
<BR>[Address Reference Count : 1]<UL><LI> cstartup.o(RESET)
</UL>
<P><STRONG><a name="[e]"></a>BSP_IntHandlerFLASH</STRONG> (Thumb, 10 bytes, Stack size 8 bytes, bsp_int.o(i.BSP_IntHandlerFLASH))
<BR><BR>[Stack]<UL><LI>Max Depth = 48 + Unknown Stack Size
<LI>Call Chain = BSP_IntHandlerFLASH &rArr; BSP_IntHandler &rArr; OSIntExit &rArr; OS_PrioGetHighest
</UL>
<BR>[Calls]<UL><LI><a href="#[7c]">&gt;&gt;</a>&nbsp;&nbsp;&nbsp;BSP_IntHandler
</UL>
<BR>[Address Reference Count : 1]<UL><LI> cstartup.o(RESET)
</UL>
<P><STRONG><a name="[5b]"></a>BSP_IntHandlerFPU</STRONG> (Thumb, 10 bytes, Stack size 8 bytes, bsp_int.o(i.BSP_IntHandlerFPU))
<BR><BR>[Stack]<UL><LI>Max Depth = 48 + Unknown Stack Size
<LI>Call Chain = BSP_IntHandlerFPU &rArr; BSP_IntHandler &rArr; OSIntExit &rArr; OS_PrioGetHighest
</UL>
<BR>[Calls]<UL><LI><a href="#[7c]">&gt;&gt;</a>&nbsp;&nbsp;&nbsp;BSP_IntHandler
</UL>
<BR>[Address Reference Count : 1]<UL><LI> cstartup.o(RESET)
</UL>
<P><STRONG><a name="[3a]"></a>BSP_IntHandlerFSMC</STRONG> (Thumb, 10 bytes, Stack size 8 bytes, bsp_int.o(i.BSP_IntHandlerFSMC))
<BR><BR>[Stack]<UL><LI>Max Depth = 48 + Unknown Stack Size
<LI>Call Chain = BSP_IntHandlerFSMC &rArr; BSP_IntHandler &rArr; OSIntExit &rArr; OS_PrioGetHighest
</UL>
<BR>[Calls]<UL><LI><a href="#[7c]">&gt;&gt;</a>&nbsp;&nbsp;&nbsp;BSP_IntHandler
</UL>
<BR>[Address Reference Count : 1]<UL><LI> cstartup.o(RESET)
</UL>
<P><STRONG><a name="[5a]"></a>BSP_IntHandlerHASH_RNG</STRONG> (Thumb, 10 bytes, Stack size 8 bytes, bsp_int.o(i.BSP_IntHandlerHASH_RNG))
<BR><BR>[Stack]<UL><LI>Max Depth = 48 + Unknown Stack Size
<LI>Call Chain = BSP_IntHandlerHASH_RNG &rArr; BSP_IntHandler &rArr; OSIntExit &rArr; OS_PrioGetHighest
</UL>
<BR>[Calls]<UL><LI><a href="#[7c]">&gt;&gt;</a>&nbsp;&nbsp;&nbsp;BSP_IntHandler
</UL>
<BR>[Address Reference Count : 1]<UL><LI> cstartup.o(RESET)
</UL>
<P><STRONG><a name="[2a]"></a>BSP_IntHandlerI2C1_ER</STRONG> (Thumb, 10 bytes, Stack size 8 bytes, bsp_int.o(i.BSP_IntHandlerI2C1_ER))
<BR><BR>[Stack]<UL><LI>Max Depth = 48 + Unknown Stack Size
<LI>Call Chain = BSP_IntHandlerI2C1_ER &rArr; BSP_IntHandler &rArr; OSIntExit &rArr; OS_PrioGetHighest
</UL>
<BR>[Calls]<UL><LI><a href="#[7c]">&gt;&gt;</a>&nbsp;&nbsp;&nbsp;BSP_IntHandler
</UL>
<BR>[Address Reference Count : 1]<UL><LI> cstartup.o(RESET)
</UL>
<P><STRONG><a name="[29]"></a>BSP_IntHandlerI2C1_EV</STRONG> (Thumb, 10 bytes, Stack size 8 bytes, bsp_int.o(i.BSP_IntHandlerI2C1_EV))
<BR><BR>[Stack]<UL><LI>Max Depth = 48 + Unknown Stack Size
<LI>Call Chain = BSP_IntHandlerI2C1_EV &rArr; BSP_IntHandler &rArr; OSIntExit &rArr; OS_PrioGetHighest
</UL>
<BR>[Calls]<UL><LI><a href="#[7c]">&gt;&gt;</a>&nbsp;&nbsp;&nbsp;BSP_IntHandler
</UL>
<BR>[Address Reference Count : 1]<UL><LI> cstartup.o(RESET)
</UL>
<P><STRONG><a name="[2c]"></a>BSP_IntHandlerI2C2_ER</STRONG> (Thumb, 10 bytes, Stack size 8 bytes, bsp_int.o(i.BSP_IntHandlerI2C2_ER))
<BR><BR>[Stack]<UL><LI>Max Depth = 48 + Unknown Stack Size
<LI>Call Chain = BSP_IntHandlerI2C2_ER &rArr; BSP_IntHandler &rArr; OSIntExit &rArr; OS_PrioGetHighest
</UL>
<BR>[Calls]<UL><LI><a href="#[7c]">&gt;&gt;</a>&nbsp;&nbsp;&nbsp;BSP_IntHandler
</UL>
<BR>[Address Reference Count : 1]<UL><LI> cstartup.o(RESET)
</UL>
<P><STRONG><a name="[2b]"></a>BSP_IntHandlerI2C2_EV</STRONG> (Thumb, 10 bytes, Stack size 8 bytes, bsp_int.o(i.BSP_IntHandlerI2C2_EV))
<BR><BR>[Stack]<UL><LI>Max Depth = 48 + Unknown Stack Size
<LI>Call Chain = BSP_IntHandlerI2C2_EV &rArr; BSP_IntHandler &rArr; OSIntExit &rArr; OS_PrioGetHighest
</UL>
<BR>[Calls]<UL><LI><a href="#[7c]">&gt;&gt;</a>&nbsp;&nbsp;&nbsp;BSP_IntHandler
</UL>
<BR>[Address Reference Count : 1]<UL><LI> cstartup.o(RESET)
</UL>
<P><STRONG><a name="[53]"></a>BSP_IntHandlerI2C3_ER</STRONG> (Thumb, 10 bytes, Stack size 8 bytes, bsp_int.o(i.BSP_IntHandlerI2C3_ER))
<BR><BR>[Stack]<UL><LI>Max Depth = 48 + Unknown Stack Size
<LI>Call Chain = BSP_IntHandlerI2C3_ER &rArr; BSP_IntHandler &rArr; OSIntExit &rArr; OS_PrioGetHighest
</UL>
<BR>[Calls]<UL><LI><a href="#[7c]">&gt;&gt;</a>&nbsp;&nbsp;&nbsp;BSP_IntHandler
</UL>
<BR>[Address Reference Count : 1]<UL><LI> cstartup.o(RESET)
</UL>
<P><STRONG><a name="[52]"></a>BSP_IntHandlerI2C3_EV</STRONG> (Thumb, 10 bytes, Stack size 8 bytes, bsp_int.o(i.BSP_IntHandlerI2C3_EV))
<BR><BR>[Stack]<UL><LI>Max Depth = 48 + Unknown Stack Size
<LI>Call Chain = BSP_IntHandlerI2C3_EV &rArr; BSP_IntHandler &rArr; OSIntExit &rArr; OS_PrioGetHighest
</UL>
<BR>[Calls]<UL><LI><a href="#[7c]">&gt;&gt;</a>&nbsp;&nbsp;&nbsp;BSP_IntHandler
</UL>
<BR>[Address Reference Count : 1]<UL><LI> cstartup.o(RESET)
</UL>
<P><STRONG><a name="[62]"></a>BSP_IntHandlerLTDC</STRONG> (Thumb, 10 bytes, Stack size 8 bytes, bsp_int.o(i.BSP_IntHandlerLTDC))
<BR><BR>[Stack]<UL><LI>Max Depth = 48 + Unknown Stack Size
<LI>Call Chain = BSP_IntHandlerLTDC &rArr; BSP_IntHandler &rArr; OSIntExit &rArr; OS_PrioGetHighest
</UL>
<BR>[Calls]<UL><LI><a href="#[7c]">&gt;&gt;</a>&nbsp;&nbsp;&nbsp;BSP_IntHandler
</UL>
<BR>[Address Reference Count : 1]<UL><LI> cstartup.o(RESET)
</UL>
<P><STRONG><a name="[63]"></a>BSP_IntHandlerLTDC_ER</STRONG> (Thumb, 10 bytes, Stack size 8 bytes, bsp_int.o(i.BSP_IntHandlerLTDC_ER))
<BR><BR>[Stack]<UL><LI>Max Depth = 48 + Unknown Stack Size
<LI>Call Chain = BSP_IntHandlerLTDC_ER &rArr; BSP_IntHandler &rArr; OSIntExit &rArr; OS_PrioGetHighest
</UL>
<BR>[Calls]<UL><LI><a href="#[7c]">&gt;&gt;</a>&nbsp;&nbsp;&nbsp;BSP_IntHandler
</UL>
<BR>[Address Reference Count : 1]<UL><LI> cstartup.o(RESET)
</UL>
<P><STRONG><a name="[4d]"></a>BSP_IntHandlerOTG_FS</STRONG> (Thumb, 10 bytes, Stack size 8 bytes, bsp_int.o(i.BSP_IntHandlerOTG_FS))
<BR><BR>[Stack]<UL><LI>Max Depth = 48 + Unknown Stack Size
<LI>Call Chain = BSP_IntHandlerOTG_FS &rArr; BSP_IntHandler &rArr; OSIntExit &rArr; OS_PrioGetHighest
</UL>
<BR>[Calls]<UL><LI><a href="#[7c]">&gt;&gt;</a>&nbsp;&nbsp;&nbsp;BSP_IntHandler
</UL>
<BR>[Address Reference Count : 1]<UL><LI> cstartup.o(RESET)
</UL>
<P><STRONG><a name="[34]"></a>BSP_IntHandlerOTG_FS_WKUP</STRONG> (Thumb, 10 bytes, Stack size 8 bytes, bsp_int.o(i.BSP_IntHandlerOTG_FS_WKUP))
<BR><BR>[Stack]<UL><LI>Max Depth = 48 + Unknown Stack Size
<LI>Call Chain = BSP_IntHandlerOTG_FS_WKUP &rArr; BSP_IntHandler &rArr; OSIntExit &rArr; OS_PrioGetHighest
</UL>
<BR>[Calls]<UL><LI><a href="#[7c]">&gt;&gt;</a>&nbsp;&nbsp;&nbsp;BSP_IntHandler
</UL>
<BR>[Address Reference Count : 1]<UL><LI> cstartup.o(RESET)
</UL>
<P><STRONG><a name="[57]"></a>BSP_IntHandlerOTG_HS</STRONG> (Thumb, 10 bytes, Stack size 8 bytes, bsp_int.o(i.BSP_IntHandlerOTG_HS))
<BR><BR>[Stack]<UL><LI>Max Depth = 48 + Unknown Stack Size
<LI>Call Chain = BSP_IntHandlerOTG_HS &rArr; BSP_IntHandler &rArr; OSIntExit &rArr; OS_PrioGetHighest
</UL>
<BR>[Calls]<UL><LI><a href="#[7c]">&gt;&gt;</a>&nbsp;&nbsp;&nbsp;BSP_IntHandler
</UL>
<BR>[Address Reference Count : 1]<UL><LI> cstartup.o(RESET)
</UL>
<P><STRONG><a name="[55]"></a>BSP_IntHandlerOTG_HS_EP1_IN</STRONG> (Thumb, 10 bytes, Stack size 8 bytes, bsp_int.o(i.BSP_IntHandlerOTG_HS_EP1_IN))
<BR><BR>[Stack]<UL><LI>Max Depth = 48 + Unknown Stack Size
<LI>Call Chain = BSP_IntHandlerOTG_HS_EP1_IN &rArr; BSP_IntHandler &rArr; OSIntExit &rArr; OS_PrioGetHighest
</UL>
<BR>[Calls]<UL><LI><a href="#[7c]">&gt;&gt;</a>&nbsp;&nbsp;&nbsp;BSP_IntHandler
</UL>
<BR>[Address Reference Count : 1]<UL><LI> cstartup.o(RESET)
</UL>
<P><STRONG><a name="[54]"></a>BSP_IntHandlerOTG_HS_EP1_OUT</STRONG> (Thumb, 10 bytes, Stack size 8 bytes, bsp_int.o(i.BSP_IntHandlerOTG_HS_EP1_OUT))
<BR><BR>[Stack]<UL><LI>Max Depth = 48 + Unknown Stack Size
<LI>Call Chain = BSP_IntHandlerOTG_HS_EP1_OUT &rArr; BSP_IntHandler &rArr; OSIntExit &rArr; OS_PrioGetHighest
</UL>
<BR>[Calls]<UL><LI><a href="#[7c]">&gt;&gt;</a>&nbsp;&nbsp;&nbsp;BSP_IntHandler
</UL>
<BR>[Address Reference Count : 1]<UL><LI> cstartup.o(RESET)
</UL>
<P><STRONG><a name="[56]"></a>BSP_IntHandlerOTG_HS_WKUP</STRONG> (Thumb, 10 bytes, Stack size 8 bytes, bsp_int.o(i.BSP_IntHandlerOTG_HS_WKUP))
<BR><BR>[Stack]<UL><LI>Max Depth = 48 + Unknown Stack Size
<LI>Call Chain = BSP_IntHandlerOTG_HS_WKUP &rArr; BSP_IntHandler &rArr; OSIntExit &rArr; OS_PrioGetHighest
</UL>
<BR>[Calls]<UL><LI><a href="#[7c]">&gt;&gt;</a>&nbsp;&nbsp;&nbsp;BSP_IntHandler
</UL>
<BR>[Address Reference Count : 1]<UL><LI> cstartup.o(RESET)
</UL>
<P><STRONG><a name="[b]"></a>BSP_IntHandlerPVD</STRONG> (Thumb, 10 bytes, Stack size 8 bytes, bsp_int.o(i.BSP_IntHandlerPVD))
<BR><BR>[Stack]<UL><LI>Max Depth = 48 + Unknown Stack Size
<LI>Call Chain = BSP_IntHandlerPVD &rArr; BSP_IntHandler &rArr; OSIntExit &rArr; OS_PrioGetHighest
</UL>
<BR>[Calls]<UL><LI><a href="#[7c]">&gt;&gt;</a>&nbsp;&nbsp;&nbsp;BSP_IntHandler
</UL>
<BR>[Address Reference Count : 1]<UL><LI> cstartup.o(RESET)
</UL>
<P><STRONG><a name="[f]"></a>BSP_IntHandlerRCC</STRONG> (Thumb, 10 bytes, Stack size 8 bytes, bsp_int.o(i.BSP_IntHandlerRCC))
<BR><BR>[Stack]<UL><LI>Max Depth = 48 + Unknown Stack Size
<LI>Call Chain = BSP_IntHandlerRCC &rArr; BSP_IntHandler &rArr; OSIntExit &rArr; OS_PrioGetHighest
</UL>
<BR>[Calls]<UL><LI><a href="#[7c]">&gt;&gt;</a>&nbsp;&nbsp;&nbsp;BSP_IntHandler
</UL>
<BR>[Address Reference Count : 1]<UL><LI> cstartup.o(RESET)
</UL>
<P><STRONG><a name="[33]"></a>BSP_IntHandlerRTCAlarm</STRONG> (Thumb, 10 bytes, Stack size 8 bytes, bsp_int.o(i.BSP_IntHandlerRTCAlarm))
<BR><BR>[Stack]<UL><LI>Max Depth = 48 + Unknown Stack Size
<LI>Call Chain = BSP_IntHandlerRTCAlarm &rArr; BSP_IntHandler &rArr; OSIntExit &rArr; OS_PrioGetHighest
</UL>
<BR>[Calls]<UL><LI><a href="#[7c]">&gt;&gt;</a>&nbsp;&nbsp;&nbsp;BSP_IntHandler
</UL>
<BR>[Address Reference Count : 1]<UL><LI> cstartup.o(RESET)
</UL>
<P><STRONG><a name="[d]"></a>BSP_IntHandlerRTC_WKUP</STRONG> (Thumb, 10 bytes, Stack size 8 bytes, bsp_int.o(i.BSP_IntHandlerRTC_WKUP))
<BR><BR>[Stack]<UL><LI>Max Depth = 48 + Unknown Stack Size
<LI>Call Chain = BSP_IntHandlerRTC_WKUP &rArr; BSP_IntHandler &rArr; OSIntExit &rArr; OS_PrioGetHighest
</UL>
<BR>[Calls]<UL><LI><a href="#[7c]">&gt;&gt;</a>&nbsp;&nbsp;&nbsp;BSP_IntHandler
</UL>
<BR>[Address Reference Count : 1]<UL><LI> cstartup.o(RESET)
</UL>
<P><STRONG><a name="[61]"></a>BSP_IntHandlerSAI1</STRONG> (Thumb, 10 bytes, Stack size 8 bytes, bsp_int.o(i.BSP_IntHandlerSAI1))
<BR><BR>[Stack]<UL><LI>Max Depth = 48 + Unknown Stack Size
<LI>Call Chain = BSP_IntHandlerSAI1 &rArr; BSP_IntHandler &rArr; OSIntExit &rArr; OS_PrioGetHighest
</UL>
<BR>[Calls]<UL><LI><a href="#[7c]">&gt;&gt;</a>&nbsp;&nbsp;&nbsp;BSP_IntHandler
</UL>
<BR>[Address Reference Count : 1]<UL><LI> cstartup.o(RESET)
</UL>
<P><STRONG><a name="[3b]"></a>BSP_IntHandlerSDIO</STRONG> (Thumb, 10 bytes, Stack size 8 bytes, bsp_int.o(i.BSP_IntHandlerSDIO))
<BR><BR>[Stack]<UL><LI>Max Depth = 48 + Unknown Stack Size
<LI>Call Chain = BSP_IntHandlerSDIO &rArr; BSP_IntHandler &rArr; OSIntExit &rArr; OS_PrioGetHighest
</UL>
<BR>[Calls]<UL><LI><a href="#[7c]">&gt;&gt;</a>&nbsp;&nbsp;&nbsp;BSP_IntHandler
</UL>
<BR>[Address Reference Count : 1]<UL><LI> cstartup.o(RESET)
</UL>
<P><STRONG><a name="[2d]"></a>BSP_IntHandlerSPI1</STRONG> (Thumb, 10 bytes, Stack size 8 bytes, bsp_int.o(i.BSP_IntHandlerSPI1))
<BR><BR>[Stack]<UL><LI>Max Depth = 48 + Unknown Stack Size
<LI>Call Chain = BSP_IntHandlerSPI1 &rArr; BSP_IntHandler &rArr; OSIntExit &rArr; OS_PrioGetHighest
</UL>
<BR>[Calls]<UL><LI><a href="#[7c]">&gt;&gt;</a>&nbsp;&nbsp;&nbsp;BSP_IntHandler
</UL>
<BR>[Address Reference Count : 1]<UL><LI> cstartup.o(RESET)
</UL>
<P><STRONG><a name="[2e]"></a>BSP_IntHandlerSPI2</STRONG> (Thumb, 10 bytes, Stack size 8 bytes, bsp_int.o(i.BSP_IntHandlerSPI2))
<BR><BR>[Stack]<UL><LI>Max Depth = 48 + Unknown Stack Size
<LI>Call Chain = BSP_IntHandlerSPI2 &rArr; BSP_IntHandler &rArr; OSIntExit &rArr; OS_PrioGetHighest
</UL>
<BR>[Calls]<UL><LI><a href="#[7c]">&gt;&gt;</a>&nbsp;&nbsp;&nbsp;BSP_IntHandler
</UL>
<BR>[Address Reference Count : 1]<UL><LI> cstartup.o(RESET)
</UL>
<P><STRONG><a name="[3d]"></a>BSP_IntHandlerSPI3</STRONG> (Thumb, 10 bytes, Stack size 8 bytes, bsp_int.o(i.BSP_IntHandlerSPI3))
<BR><BR>[Stack]<UL><LI>Max Depth = 48 + Unknown Stack Size
<LI>Call Chain = BSP_IntHandlerSPI3 &rArr; BSP_IntHandler &rArr; OSIntExit &rArr; OS_PrioGetHighest
</UL>
<BR>[Calls]<UL><LI><a href="#[7c]">&gt;&gt;</a>&nbsp;&nbsp;&nbsp;BSP_IntHandler
</UL>
<BR>[Address Reference Count : 1]<UL><LI> cstartup.o(RESET)
</UL>
<P><STRONG><a name="[5e]"></a>BSP_IntHandlerSPI4</STRONG> (Thumb, 10 bytes, Stack size 8 bytes, bsp_int.o(i.BSP_IntHandlerSPI4))
<BR><BR>[Stack]<UL><LI>Max Depth = 48 + Unknown Stack Size
<LI>Call Chain = BSP_IntHandlerSPI4 &rArr; BSP_IntHandler &rArr; OSIntExit &rArr; OS_PrioGetHighest
</UL>
<BR>[Calls]<UL><LI><a href="#[7c]">&gt;&gt;</a>&nbsp;&nbsp;&nbsp;BSP_IntHandler
</UL>
<BR>[Address Reference Count : 1]<UL><LI> cstartup.o(RESET)
</UL>
<P><STRONG><a name="[5f]"></a>BSP_IntHandlerSPI5</STRONG> (Thumb, 10 bytes, Stack size 8 bytes, bsp_int.o(i.BSP_IntHandlerSPI5))
<BR><BR>[Stack]<UL><LI>Max Depth = 48 + Unknown Stack Size
<LI>Call Chain = BSP_IntHandlerSPI5 &rArr; BSP_IntHandler &rArr; OSIntExit &rArr; OS_PrioGetHighest
</UL>
<BR>[Calls]<UL><LI><a href="#[7c]">&gt;&gt;</a>&nbsp;&nbsp;&nbsp;BSP_IntHandler
</UL>
<BR>[Address Reference Count : 1]<UL><LI> cstartup.o(RESET)
</UL>
<P><STRONG><a name="[60]"></a>BSP_IntHandlerSPI6</STRONG> (Thumb, 10 bytes, Stack size 8 bytes, bsp_int.o(i.BSP_IntHandlerSPI6))
<BR><BR>[Stack]<UL><LI>Max Depth = 48 + Unknown Stack Size
<LI>Call Chain = BSP_IntHandlerSPI6 &rArr; BSP_IntHandler &rArr; OSIntExit &rArr; OS_PrioGetHighest
</UL>
<BR>[Calls]<UL><LI><a href="#[7c]">&gt;&gt;</a>&nbsp;&nbsp;&nbsp;BSP_IntHandler
</UL>
<BR>[Address Reference Count : 1]<UL><LI> cstartup.o(RESET)
</UL>
<P><STRONG><a name="[c]"></a>BSP_IntHandlerTAMP_STAMP</STRONG> (Thumb, 10 bytes, Stack size 8 bytes, bsp_int.o(i.BSP_IntHandlerTAMP_STAMP))
<BR><BR>[Stack]<UL><LI>Max Depth = 48 + Unknown Stack Size
<LI>Call Chain = BSP_IntHandlerTAMP_STAMP &rArr; BSP_IntHandler &rArr; OSIntExit &rArr; OS_PrioGetHighest
</UL>
<BR>[Calls]<UL><LI><a href="#[7c]">&gt;&gt;</a>&nbsp;&nbsp;&nbsp;BSP_IntHandler
</UL>
<BR>[Address Reference Count : 1]<UL><LI> cstartup.o(RESET)
</UL>
<P><STRONG><a name="[22]"></a>BSP_IntHandlerTIM1_BRK_TIM9</STRONG> (Thumb, 10 bytes, Stack size 8 bytes, bsp_int.o(i.BSP_IntHandlerTIM1_BRK_TIM9))
<BR><BR>[Stack]<UL><LI>Max Depth = 48 + Unknown Stack Size
<LI>Call Chain = BSP_IntHandlerTIM1_BRK_TIM9 &rArr; BSP_IntHandler &rArr; OSIntExit &rArr; OS_PrioGetHighest
</UL>
<BR>[Calls]<UL><LI><a href="#[7c]">&gt;&gt;</a>&nbsp;&nbsp;&nbsp;BSP_IntHandler
</UL>
<BR>[Address Reference Count : 1]<UL><LI> cstartup.o(RESET)
</UL>
<P><STRONG><a name="[25]"></a>BSP_IntHandlerTIM1_CC</STRONG> (Thumb, 10 bytes, Stack size 8 bytes, bsp_int.o(i.BSP_IntHandlerTIM1_CC))
<BR><BR>[Stack]<UL><LI>Max Depth = 48 + Unknown Stack Size
<LI>Call Chain = BSP_IntHandlerTIM1_CC &rArr; BSP_IntHandler &rArr; OSIntExit &rArr; OS_PrioGetHighest
</UL>
<BR>[Calls]<UL><LI><a href="#[7c]">&gt;&gt;</a>&nbsp;&nbsp;&nbsp;BSP_IntHandler
</UL>
<BR>[Address Reference Count : 1]<UL><LI> cstartup.o(RESET)
</UL>
<P><STRONG><a name="[24]"></a>BSP_IntHandlerTIM1_TRG_COM_TIM11</STRONG> (Thumb, 10 bytes, Stack size 8 bytes, bsp_int.o(i.BSP_IntHandlerTIM1_TRG_COM_TIM11))
<BR><BR>[Stack]<UL><LI>Max Depth = 48 + Unknown Stack Size
<LI>Call Chain = BSP_IntHandlerTIM1_TRG_COM_TIM11 &rArr; BSP_IntHandler &rArr; OSIntExit &rArr; OS_PrioGetHighest
</UL>
<BR>[Calls]<UL><LI><a href="#[7c]">&gt;&gt;</a>&nbsp;&nbsp;&nbsp;BSP_IntHandler
</UL>
<BR>[Address Reference Count : 1]<UL><LI> cstartup.o(RESET)
</UL>
<P><STRONG><a name="[23]"></a>BSP_IntHandlerTIM1_UP_TIM10</STRONG> (Thumb, 10 bytes, Stack size 8 bytes, bsp_int.o(i.BSP_IntHandlerTIM1_UP_TIM10))
<BR><BR>[Stack]<UL><LI>Max Depth = 48 + Unknown Stack Size
<LI>Call Chain = BSP_IntHandlerTIM1_UP_TIM10 &rArr; BSP_IntHandler &rArr; OSIntExit &rArr; OS_PrioGetHighest
</UL>
<BR>[Calls]<UL><LI><a href="#[7c]">&gt;&gt;</a>&nbsp;&nbsp;&nbsp;BSP_IntHandler
</UL>
<BR>[Address Reference Count : 1]<UL><LI> cstartup.o(RESET)
</UL>
<P><STRONG><a name="[26]"></a>BSP_IntHandlerTIM2</STRONG> (Thumb, 10 bytes, Stack size 8 bytes, bsp_int.o(i.BSP_IntHandlerTIM2))
<BR><BR>[Stack]<UL><LI>Max Depth = 48 + Unknown Stack Size
<LI>Call Chain = BSP_IntHandlerTIM2 &rArr; BSP_IntHandler &rArr; OSIntExit &rArr; OS_PrioGetHighest
</UL>
<BR>[Calls]<UL><LI><a href="#[7c]">&gt;&gt;</a>&nbsp;&nbsp;&nbsp;BSP_IntHandler
</UL>
<BR>[Address Reference Count : 1]<UL><LI> cstartup.o(RESET)
</UL>
<P><STRONG><a name="[27]"></a>BSP_IntHandlerTIM3</STRONG> (Thumb, 10 bytes, Stack size 8 bytes, bsp_int.o(i.BSP_IntHandlerTIM3))
<BR><BR>[Stack]<UL><LI>Max Depth = 48 + Unknown Stack Size
<LI>Call Chain = BSP_IntHandlerTIM3 &rArr; BSP_IntHandler &rArr; OSIntExit &rArr; OS_PrioGetHighest
</UL>
<BR>[Calls]<UL><LI><a href="#[7c]">&gt;&gt;</a>&nbsp;&nbsp;&nbsp;BSP_IntHandler
</UL>
<BR>[Address Reference Count : 1]<UL><LI> cstartup.o(RESET)
</UL>
<P><STRONG><a name="[28]"></a>BSP_IntHandlerTIM4</STRONG> (Thumb, 10 bytes, Stack size 8 bytes, bsp_int.o(i.BSP_IntHandlerTIM4))
<BR><BR>[Stack]<UL><LI>Max Depth = 48 + Unknown Stack Size
<LI>Call Chain = BSP_IntHandlerTIM4 &rArr; BSP_IntHandler &rArr; OSIntExit &rArr; OS_PrioGetHighest
</UL>
<BR>[Calls]<UL><LI><a href="#[7c]">&gt;&gt;</a>&nbsp;&nbsp;&nbsp;BSP_IntHandler
</UL>
<BR>[Address Reference Count : 1]<UL><LI> cstartup.o(RESET)
</UL>
<P><STRONG><a name="[3c]"></a>BSP_IntHandlerTIM5</STRONG> (Thumb, 10 bytes, Stack size 8 bytes, bsp_int.o(i.BSP_IntHandlerTIM5))
<BR><BR>[Stack]<UL><LI>Max Depth = 48 + Unknown Stack Size
<LI>Call Chain = BSP_IntHandlerTIM5 &rArr; BSP_IntHandler &rArr; OSIntExit &rArr; OS_PrioGetHighest
</UL>
<BR>[Calls]<UL><LI><a href="#[7c]">&gt;&gt;</a>&nbsp;&nbsp;&nbsp;BSP_IntHandler
</UL>
<BR>[Address Reference Count : 1]<UL><LI> cstartup.o(RESET)
</UL>
<P><STRONG><a name="[40]"></a>BSP_IntHandlerTIM6_DAC</STRONG> (Thumb, 10 bytes, Stack size 8 bytes, bsp_int.o(i.BSP_IntHandlerTIM6_DAC))
<BR><BR>[Stack]<UL><LI>Max Depth = 48 + Unknown Stack Size
<LI>Call Chain = BSP_IntHandlerTIM6_DAC &rArr; BSP_IntHandler &rArr; OSIntExit &rArr; OS_PrioGetHighest
</UL>
<BR>[Calls]<UL><LI><a href="#[7c]">&gt;&gt;</a>&nbsp;&nbsp;&nbsp;BSP_IntHandler
</UL>
<BR>[Address Reference Count : 1]<UL><LI> cstartup.o(RESET)
</UL>
<P><STRONG><a name="[41]"></a>BSP_IntHandlerTIM7</STRONG> (Thumb, 10 bytes, Stack size 8 bytes, bsp_int.o(i.BSP_IntHandlerTIM7))
<BR><BR>[Stack]<UL><LI>Max Depth = 48 + Unknown Stack Size
<LI>Call Chain = BSP_IntHandlerTIM7 &rArr; BSP_IntHandler &rArr; OSIntExit &rArr; OS_PrioGetHighest
</UL>
<BR>[Calls]<UL><LI><a href="#[7c]">&gt;&gt;</a>&nbsp;&nbsp;&nbsp;BSP_IntHandler
</UL>
<BR>[Address Reference Count : 1]<UL><LI> cstartup.o(RESET)
</UL>
<P><STRONG><a name="[35]"></a>BSP_IntHandlerTIM8_BRK_TIM12</STRONG> (Thumb, 10 bytes, Stack size 8 bytes, bsp_int.o(i.BSP_IntHandlerTIM8_BRK_TIM12))
<BR><BR>[Stack]<UL><LI>Max Depth = 48 + Unknown Stack Size
<LI>Call Chain = BSP_IntHandlerTIM8_BRK_TIM12 &rArr; BSP_IntHandler &rArr; OSIntExit &rArr; OS_PrioGetHighest
</UL>
<BR>[Calls]<UL><LI><a href="#[7c]">&gt;&gt;</a>&nbsp;&nbsp;&nbsp;BSP_IntHandler
</UL>
<BR>[Address Reference Count : 1]<UL><LI> cstartup.o(RESET)
</UL>
<P><STRONG><a name="[38]"></a>BSP_IntHandlerTIM8_CC</STRONG> (Thumb, 10 bytes, Stack size 8 bytes, bsp_int.o(i.BSP_IntHandlerTIM8_CC))
<BR><BR>[Stack]<UL><LI>Max Depth = 48 + Unknown Stack Size
<LI>Call Chain = BSP_IntHandlerTIM8_CC &rArr; BSP_IntHandler &rArr; OSIntExit &rArr; OS_PrioGetHighest
</UL>
<BR>[Calls]<UL><LI><a href="#[7c]">&gt;&gt;</a>&nbsp;&nbsp;&nbsp;BSP_IntHandler
</UL>
<BR>[Address Reference Count : 1]<UL><LI> cstartup.o(RESET)
</UL>
<P><STRONG><a name="[37]"></a>BSP_IntHandlerTIM8_TRG_COM_TIM14</STRONG> (Thumb, 10 bytes, Stack size 8 bytes, bsp_int.o(i.BSP_IntHandlerTIM8_TRG_COM_TIM14))
<BR><BR>[Stack]<UL><LI>Max Depth = 48 + Unknown Stack Size
<LI>Call Chain = BSP_IntHandlerTIM8_TRG_COM_TIM14 &rArr; BSP_IntHandler &rArr; OSIntExit &rArr; OS_PrioGetHighest
</UL>
<BR>[Calls]<UL><LI><a href="#[7c]">&gt;&gt;</a>&nbsp;&nbsp;&nbsp;BSP_IntHandler
</UL>
<BR>[Address Reference Count : 1]<UL><LI> cstartup.o(RESET)
</UL>
<P><STRONG><a name="[36]"></a>BSP_IntHandlerTIM8_UP_TIM13</STRONG> (Thumb, 10 bytes, Stack size 8 bytes, bsp_int.o(i.BSP_IntHandlerTIM8_UP_TIM13))
<BR><BR>[Stack]<UL><LI>Max Depth = 48 + Unknown Stack Size
<LI>Call Chain = BSP_IntHandlerTIM8_UP_TIM13 &rArr; BSP_IntHandler &rArr; OSIntExit &rArr; OS_PrioGetHighest
</UL>
<BR>[Calls]<UL><LI><a href="#[7c]">&gt;&gt;</a>&nbsp;&nbsp;&nbsp;BSP_IntHandler
</UL>
<BR>[Address Reference Count : 1]<UL><LI> cstartup.o(RESET)
</UL>
<P><STRONG><a name="[5c]"></a>BSP_IntHandlerUART7</STRONG> (Thumb, 10 bytes, Stack size 8 bytes, bsp_int.o(i.BSP_IntHandlerUART7))
<BR><BR>[Stack]<UL><LI>Max Depth = 48 + Unknown Stack Size
<LI>Call Chain = BSP_IntHandlerUART7 &rArr; BSP_IntHandler &rArr; OSIntExit &rArr; OS_PrioGetHighest
</UL>
<BR>[Calls]<UL><LI><a href="#[7c]">&gt;&gt;</a>&nbsp;&nbsp;&nbsp;BSP_IntHandler
</UL>
<BR>[Address Reference Count : 1]<UL><LI> cstartup.o(RESET)
</UL>
<P><STRONG><a name="[5d]"></a>BSP_IntHandlerUART8</STRONG> (Thumb, 10 bytes, Stack size 8 bytes, bsp_int.o(i.BSP_IntHandlerUART8))
<BR><BR>[Stack]<UL><LI>Max Depth = 48 + Unknown Stack Size
<LI>Call Chain = BSP_IntHandlerUART8 &rArr; BSP_IntHandler &rArr; OSIntExit &rArr; OS_PrioGetHighest
</UL>
<BR>[Calls]<UL><LI><a href="#[7c]">&gt;&gt;</a>&nbsp;&nbsp;&nbsp;BSP_IntHandler
</UL>
<BR>[Address Reference Count : 1]<UL><LI> cstartup.o(RESET)
</UL>
<P><STRONG><a name="[2f]"></a>BSP_IntHandlerUSART1</STRONG> (Thumb, 10 bytes, Stack size 8 bytes, bsp_int.o(i.BSP_IntHandlerUSART1))
<BR><BR>[Stack]<UL><LI>Max Depth = 48 + Unknown Stack Size
<LI>Call Chain = BSP_IntHandlerUSART1 &rArr; BSP_IntHandler &rArr; OSIntExit &rArr; OS_PrioGetHighest
</UL>
<BR>[Calls]<UL><LI><a href="#[7c]">&gt;&gt;</a>&nbsp;&nbsp;&nbsp;BSP_IntHandler
</UL>
<BR>[Address Reference Count : 1]<UL><LI> cstartup.o(RESET)
</UL>
<P><STRONG><a name="[30]"></a>BSP_IntHandlerUSART2</STRONG> (Thumb, 10 bytes, Stack size 8 bytes, bsp_int.o(i.BSP_IntHandlerUSART2))
<BR><BR>[Stack]<UL><LI>Max Depth = 48 + Unknown Stack Size
<LI>Call Chain = BSP_IntHandlerUSART2 &rArr; BSP_IntHandler &rArr; OSIntExit &rArr; OS_PrioGetHighest
</UL>
<BR>[Calls]<UL><LI><a href="#[7c]">&gt;&gt;</a>&nbsp;&nbsp;&nbsp;BSP_IntHandler
</UL>
<BR>[Address Reference Count : 1]<UL><LI> cstartup.o(RESET)
</UL>
<P><STRONG><a name="[31]"></a>BSP_IntHandlerUSART3</STRONG> (Thumb, 10 bytes, Stack size 8 bytes, bsp_int.o(i.BSP_IntHandlerUSART3))
<BR><BR>[Stack]<UL><LI>Max Depth = 48 + Unknown Stack Size
<LI>Call Chain = BSP_IntHandlerUSART3 &rArr; BSP_IntHandler &rArr; OSIntExit &rArr; OS_PrioGetHighest
</UL>
<BR>[Calls]<UL><LI><a href="#[7c]">&gt;&gt;</a>&nbsp;&nbsp;&nbsp;BSP_IntHandler
</UL>
<BR>[Address Reference Count : 1]<UL><LI> cstartup.o(RESET)
</UL>
<P><STRONG><a name="[3e]"></a>BSP_IntHandlerUSART4</STRONG> (Thumb, 10 bytes, Stack size 8 bytes, bsp_int.o(i.BSP_IntHandlerUSART4))
<BR><BR>[Stack]<UL><LI>Max Depth = 48 + Unknown Stack Size
<LI>Call Chain = BSP_IntHandlerUSART4 &rArr; BSP_IntHandler &rArr; OSIntExit &rArr; OS_PrioGetHighest
</UL>
<BR>[Calls]<UL><LI><a href="#[7c]">&gt;&gt;</a>&nbsp;&nbsp;&nbsp;BSP_IntHandler
</UL>
<BR>[Address Reference Count : 1]<UL><LI> cstartup.o(RESET)
</UL>
<P><STRONG><a name="[3f]"></a>BSP_IntHandlerUSART5</STRONG> (Thumb, 10 bytes, Stack size 8 bytes, bsp_int.o(i.BSP_IntHandlerUSART5))
<BR><BR>[Stack]<UL><LI>Max Depth = 48 + Unknown Stack Size
<LI>Call Chain = BSP_IntHandlerUSART5 &rArr; BSP_IntHandler &rArr; OSIntExit &rArr; OS_PrioGetHighest
</UL>
<BR>[Calls]<UL><LI><a href="#[7c]">&gt;&gt;</a>&nbsp;&nbsp;&nbsp;BSP_IntHandler
</UL>
<BR>[Address Reference Count : 1]<UL><LI> cstartup.o(RESET)
</UL>
<P><STRONG><a name="[51]"></a>BSP_IntHandlerUSART6</STRONG> (Thumb, 10 bytes, Stack size 8 bytes, bsp_int.o(i.BSP_IntHandlerUSART6))
<BR><BR>[Stack]<UL><LI>Max Depth = 48 + Unknown Stack Size
<LI>Call Chain = BSP_IntHandlerUSART6 &rArr; BSP_IntHandler &rArr; OSIntExit &rArr; OS_PrioGetHighest
</UL>
<BR>[Calls]<UL><LI><a href="#[7c]">&gt;&gt;</a>&nbsp;&nbsp;&nbsp;BSP_IntHandler
</UL>
<BR>[Address Reference Count : 1]<UL><LI> cstartup.o(RESET)
</UL>
<P><STRONG><a name="[a]"></a>BSP_IntHandlerWWDG</STRONG> (Thumb, 10 bytes, Stack size 8 bytes, bsp_int.o(i.BSP_IntHandlerWWDG))
<BR><BR>[Stack]<UL><LI>Max Depth = 48 + Unknown Stack Size
<LI>Call Chain = BSP_IntHandlerWWDG &rArr; BSP_IntHandler &rArr; OSIntExit &rArr; OS_PrioGetHighest
</UL>
<BR>[Calls]<UL><LI><a href="#[7c]">&gt;&gt;</a>&nbsp;&nbsp;&nbsp;BSP_IntHandler
</UL>
<BR>[Address Reference Count : 1]<UL><LI> cstartup.o(RESET)
</UL>
<P><STRONG><a name="[78]"></a>BSP_IntInit</STRONG> (Thumb, 22 bytes, Stack size 8 bytes, bsp_int.o(i.BSP_IntInit))
<BR><BR>[Stack]<UL><LI>Max Depth = 24 + Unknown Stack Size
<LI>Call Chain = BSP_IntInit &rArr; BSP_IntVectSet
</UL>
<BR>[Calls]<UL><LI><a href="#[81]">&gt;&gt;</a>&nbsp;&nbsp;&nbsp;BSP_IntVectSet
</UL>
<BR>[Called By]<UL><LI><a href="#[77]">&gt;&gt;</a>&nbsp;&nbsp;&nbsp;BSP_Init
</UL>

<P><STRONG><a name="[81]"></a>BSP_IntVectSet</STRONG> (Thumb, 48 bytes, Stack size 16 bytes, bsp_int.o(i.BSP_IntVectSet))
<BR><BR>[Stack]<UL><LI>Max Depth = 16 + Unknown Stack Size
<LI>Call Chain = BSP_IntVectSet
</UL>
<BR>[Calls]<UL><LI><a href="#[7d]">&gt;&gt;</a>&nbsp;&nbsp;&nbsp;CPU_SR_Save
<LI><a href="#[7f]">&gt;&gt;</a>&nbsp;&nbsp;&nbsp;CPU_SR_Restore
</UL>
<BR>[Called By]<UL><LI><a href="#[78]">&gt;&gt;</a>&nbsp;&nbsp;&nbsp;BSP_IntInit
</UL>

<P><STRONG><a name="[82]"></a>BSP_PeriphEn</STRONG> (Thumb, 430 bytes, Stack size 0 bytes, bsp_periph.o(i.BSP_PeriphEn))
<BR><BR>[Called By]<UL><LI><a href="#[79]">&gt;&gt;</a>&nbsp;&nbsp;&nbsp;BSP_LED_Init
</UL>

<P><STRONG><a name="[84]"></a>BSP_Tick_Init</STRONG> (Thumb, 24 bytes, Stack size 16 bytes, bsp.o(i.BSP_Tick_Init))
<BR><BR>[Stack]<UL><LI>Max Depth = 60<LI>Call Chain = BSP_Tick_Init &rArr; BSP_CPU_ClkFreq &rArr; RCC_GetClocksFreq
</UL>
<BR>[Calls]<UL><LI><a href="#[85]">&gt;&gt;</a>&nbsp;&nbsp;&nbsp;OS_CPU_SysTickInit
<LI><a href="#[75]">&gt;&gt;</a>&nbsp;&nbsp;&nbsp;BSP_CPU_ClkFreq
</UL>
<BR>[Called By]<UL><LI><a href="#[65]">&gt;&gt;</a>&nbsp;&nbsp;&nbsp;main
</UL>

<P><STRONG><a name="[86]"></a>CPU_Init</STRONG> (Thumb, 12 bytes, Stack size 8 bytes, cpu_core.o(i.CPU_Init))
<BR><BR>[Stack]<UL><LI>Max Depth = 68 + Unknown Stack Size
<LI>Call Chain = CPU_Init &rArr; CPU_TS_Init &rArr; CPU_TS_TmrInit &rArr; BSP_CPU_ClkFreq &rArr; RCC_GetClocksFreq
</UL>
<BR>[Calls]<UL><LI><a href="#[87]">&gt;&gt;</a>&nbsp;&nbsp;&nbsp;CPU_TS_Init
<LI><a href="#[88]">&gt;&gt;</a>&nbsp;&nbsp;&nbsp;CPU_NameInit
</UL>
<BR>[Called By]<UL><LI><a href="#[65]">&gt;&gt;</a>&nbsp;&nbsp;&nbsp;main
</UL>

<P><STRONG><a name="[89]"></a>CPU_NameClr</STRONG> (Thumb, 42 bytes, Stack size 8 bytes, cpu_core.o(i.CPU_NameClr))
<BR><BR>[Stack]<UL><LI>Max Depth = 44 + Unknown Stack Size
<LI>Call Chain = CPU_NameClr &rArr; Mem_Clr &rArr; Mem_Set
</UL>
<BR>[Calls]<UL><LI><a href="#[7d]">&gt;&gt;</a>&nbsp;&nbsp;&nbsp;CPU_SR_Save
<LI><a href="#[7f]">&gt;&gt;</a>&nbsp;&nbsp;&nbsp;CPU_SR_Restore
<LI><a href="#[8a]">&gt;&gt;</a>&nbsp;&nbsp;&nbsp;Mem_Clr
</UL>
<BR>[Called By]<UL><LI><a href="#[88]">&gt;&gt;</a>&nbsp;&nbsp;&nbsp;CPU_NameInit
</UL>

<P><STRONG><a name="[92]"></a>CPU_SW_Exception</STRONG> (Thumb, 4 bytes, Stack size 0 bytes, cpu_core.o(i.CPU_SW_Exception))
<BR><BR>[Called By]<UL><LI><a href="#[90]">&gt;&gt;</a>&nbsp;&nbsp;&nbsp;Mem_Init
</UL>

<P><STRONG><a name="[8c]"></a>CPU_TS_TmrFreqSet</STRONG> (Thumb, 6 bytes, Stack size 0 bytes, cpu_core.o(i.CPU_TS_TmrFreqSet))
<BR><BR>[Called By]<UL><LI><a href="#[8b]">&gt;&gt;</a>&nbsp;&nbsp;&nbsp;CPU_TS_TmrInit
</UL>

<P><STRONG><a name="[8b]"></a>CPU_TS_TmrInit</STRONG> (Thumb, 44 bytes, Stack size 8 bytes, bsp.o(i.CPU_TS_TmrInit))
<BR><BR>[Stack]<UL><LI>Max Depth = 52<LI>Call Chain = CPU_TS_TmrInit &rArr; BSP_CPU_ClkFreq &rArr; RCC_GetClocksFreq
</UL>
<BR>[Calls]<UL><LI><a href="#[8c]">&gt;&gt;</a>&nbsp;&nbsp;&nbsp;CPU_TS_TmrFreqSet
<LI><a href="#[75]">&gt;&gt;</a>&nbsp;&nbsp;&nbsp;BSP_CPU_ClkFreq
</UL>
<BR>[Called By]<UL><LI><a href="#[87]">&gt;&gt;</a>&nbsp;&nbsp;&nbsp;CPU_TS_Init
</UL>

<P><STRONG><a name="[9b]"></a>CPU_TS_TmrRd</STRONG> (Thumb, 6 bytes, Stack size 0 bytes, bsp.o(i.CPU_TS_TmrRd))
<BR><BR>[Called By]<UL><LI><a href="#[d1]">&gt;&gt;</a>&nbsp;&nbsp;&nbsp;OS_MutexGrpPostAll
<LI><a href="#[b6]">&gt;&gt;</a>&nbsp;&nbsp;&nbsp;OSMutexPost
<LI><a href="#[9a]">&gt;&gt;</a>&nbsp;&nbsp;&nbsp;OSFlagPost
<LI><a href="#[74]">&gt;&gt;</a>&nbsp;&nbsp;&nbsp;OSTaskSwHook
<LI><a href="#[c2]">&gt;&gt;</a>&nbsp;&nbsp;&nbsp;OS_SchedLockTimeMeasStop
<LI><a href="#[bf]">&gt;&gt;</a>&nbsp;&nbsp;&nbsp;OS_SchedLockTimeMeasStart
<LI><a href="#[6c]">&gt;&gt;</a>&nbsp;&nbsp;&nbsp;OS_TmrTask
<LI><a href="#[f4]">&gt;&gt;</a>&nbsp;&nbsp;&nbsp;OS_TickListUpdateTimeout
<LI><a href="#[f3]">&gt;&gt;</a>&nbsp;&nbsp;&nbsp;OS_TickListUpdateDly
<LI><a href="#[c9]">&gt;&gt;</a>&nbsp;&nbsp;&nbsp;OS_TaskInitTCB
<LI><a href="#[d6]">&gt;&gt;</a>&nbsp;&nbsp;&nbsp;OSTaskSemPost
<LI><a href="#[d5]">&gt;&gt;</a>&nbsp;&nbsp;&nbsp;OSTaskSemPend
<LI><a href="#[6a]">&gt;&gt;</a>&nbsp;&nbsp;&nbsp;OS_StatTask
<LI><a href="#[c5]">&gt;&gt;</a>&nbsp;&nbsp;&nbsp;OSStatReset
</UL>

<P><STRONG><a name="[83]"></a>GPIO_Init</STRONG> (Thumb, 144 bytes, Stack size 20 bytes, stm32f4xx_gpio.o(i.GPIO_Init))
<BR><BR>[Stack]<UL><LI>Max Depth = 20<LI>Call Chain = GPIO_Init
</UL>
<BR>[Called By]<UL><LI><a href="#[79]">&gt;&gt;</a>&nbsp;&nbsp;&nbsp;BSP_LED_Init
<LI><a href="#[101]">&gt;&gt;</a>&nbsp;&nbsp;&nbsp;usart_init
<LI><a href="#[fe]">&gt;&gt;</a>&nbsp;&nbsp;&nbsp;led_init
</UL>

<P><STRONG><a name="[103]"></a>GPIO_PinAFConfig</STRONG> (Thumb, 70 bytes, Stack size 20 bytes, stm32f4xx_gpio.o(i.GPIO_PinAFConfig))
<BR><BR>[Stack]<UL><LI>Max Depth = 20<LI>Call Chain = GPIO_PinAFConfig
</UL>
<BR>[Called By]<UL><LI><a href="#[101]">&gt;&gt;</a>&nbsp;&nbsp;&nbsp;usart_init
</UL>

<P><STRONG><a name="[100]"></a>GPIO_SetBits</STRONG> (Thumb, 4 bytes, Stack size 0 bytes, stm32f4xx_gpio.o(i.GPIO_SetBits))
<BR><BR>[Called By]<UL><LI><a href="#[fe]">&gt;&gt;</a>&nbsp;&nbsp;&nbsp;led_init
</UL>

<P><STRONG><a name="[8d]"></a>Math_Init</STRONG> (Thumb, 10 bytes, Stack size 8 bytes, lib_math.o(i.Math_Init))
<BR><BR>[Stack]<UL><LI>Max Depth = 24 + Unknown Stack Size
<LI>Call Chain = Math_Init &rArr; Math_RandSetSeed
</UL>
<BR>[Calls]<UL><LI><a href="#[8e]">&gt;&gt;</a>&nbsp;&nbsp;&nbsp;Math_RandSetSeed
</UL>
<BR>[Called By]<UL><LI><a href="#[65]">&gt;&gt;</a>&nbsp;&nbsp;&nbsp;main
</UL>

<P><STRONG><a name="[8e]"></a>Math_RandSetSeed</STRONG> (Thumb, 40 bytes, Stack size 16 bytes, lib_math.o(i.Math_RandSetSeed))
<BR><BR>[Stack]<UL><LI>Max Depth = 16 + Unknown Stack Size
<LI>Call Chain = Math_RandSetSeed
</UL>
<BR>[Calls]<UL><LI><a href="#[7d]">&gt;&gt;</a>&nbsp;&nbsp;&nbsp;CPU_SR_Save
<LI><a href="#[7f]">&gt;&gt;</a>&nbsp;&nbsp;&nbsp;CPU_SR_Restore
</UL>
<BR>[Called By]<UL><LI><a href="#[8d]">&gt;&gt;</a>&nbsp;&nbsp;&nbsp;Math_Init
</UL>

<P><STRONG><a name="[8a]"></a>Mem_Clr</STRONG> (Thumb, 18 bytes, Stack size 12 bytes, lib_mem.o(i.Mem_Clr))
<BR><BR>[Stack]<UL><LI>Max Depth = 36<LI>Call Chain = Mem_Clr &rArr; Mem_Set
</UL>
<BR>[Calls]<UL><LI><a href="#[8f]">&gt;&gt;</a>&nbsp;&nbsp;&nbsp;Mem_Set
</UL>
<BR>[Called By]<UL><LI><a href="#[89]">&gt;&gt;</a>&nbsp;&nbsp;&nbsp;CPU_NameClr
</UL>

<P><STRONG><a name="[90]"></a>Mem_Init</STRONG> (Thumb, 54 bytes, Stack size 24 bytes, lib_mem.o(i.Mem_Init))
<BR><BR>[Stack]<UL><LI>Max Depth = 76 + Unknown Stack Size
<LI>Call Chain = Mem_Init &rArr; Mem_SegCreate &rArr; Mem_SegCreateCritical
</UL>
<BR>[Calls]<UL><LI><a href="#[91]">&gt;&gt;</a>&nbsp;&nbsp;&nbsp;Mem_SegCreate
<LI><a href="#[92]">&gt;&gt;</a>&nbsp;&nbsp;&nbsp;CPU_SW_Exception
</UL>
<BR>[Called By]<UL><LI><a href="#[65]">&gt;&gt;</a>&nbsp;&nbsp;&nbsp;main
</UL>

<P><STRONG><a name="[91]"></a>Mem_SegCreate</STRONG> (Thumb, 74 bytes, Stack size 40 bytes, lib_mem.o(i.Mem_SegCreate))
<BR><BR>[Stack]<UL><LI>Max Depth = 52 + Unknown Stack Size
<LI>Call Chain = Mem_SegCreate &rArr; Mem_SegCreateCritical
</UL>
<BR>[Calls]<UL><LI><a href="#[7d]">&gt;&gt;</a>&nbsp;&nbsp;&nbsp;CPU_SR_Save
<LI><a href="#[7f]">&gt;&gt;</a>&nbsp;&nbsp;&nbsp;CPU_SR_Restore
<LI><a href="#[93]">&gt;&gt;</a>&nbsp;&nbsp;&nbsp;Mem_SegCreateCritical
</UL>
<BR>[Called By]<UL><LI><a href="#[90]">&gt;&gt;</a>&nbsp;&nbsp;&nbsp;Mem_Init
</UL>

<P><STRONG><a name="[8f]"></a>Mem_Set</STRONG> (Thumb, 84 bytes, Stack size 24 bytes, lib_mem.o(i.Mem_Set))
<BR><BR>[Stack]<UL><LI>Max Depth = 24<LI>Call Chain = Mem_Set
</UL>
<BR>[Called By]<UL><LI><a href="#[8a]">&gt;&gt;</a>&nbsp;&nbsp;&nbsp;Mem_Clr
</UL>

<P><STRONG><a name="[107]"></a>NVIC_Init</STRONG> (Thumb, 106 bytes, Stack size 16 bytes, misc.o(i.NVIC_Init))
<BR><BR>[Stack]<UL><LI>Max Depth = 16<LI>Call Chain = NVIC_Init
</UL>
<BR>[Called By]<UL><LI><a href="#[101]">&gt;&gt;</a>&nbsp;&nbsp;&nbsp;usart_init
</UL>

<P><STRONG><a name="[106]"></a>NVIC_PriorityGroupConfig</STRONG> (Thumb, 10 bytes, Stack size 0 bytes, misc.o(i.NVIC_PriorityGroupConfig))
<BR><BR>[Called By]<UL><LI><a href="#[101]">&gt;&gt;</a>&nbsp;&nbsp;&nbsp;usart_init
</UL>

<P><STRONG><a name="[ad]"></a>OSCfg_Init</STRONG> (Thumb, 2 bytes, Stack size 0 bytes, os_cfg_app.o(i.OSCfg_Init))
<BR><BR>[Called By]<UL><LI><a href="#[9d]">&gt;&gt;</a>&nbsp;&nbsp;&nbsp;OSInit
</UL>

<P><STRONG><a name="[94]"></a>OSFlagCreate</STRONG> (Thumb, 100 bytes, Stack size 24 bytes, os_flag.o(i.OSFlagCreate))
<BR><BR>[Stack]<UL><LI>Max Depth = 24 + Unknown Stack Size
<LI>Call Chain = OSFlagCreate
</UL>
<BR>[Calls]<UL><LI><a href="#[7d]">&gt;&gt;</a>&nbsp;&nbsp;&nbsp;CPU_SR_Save
<LI><a href="#[7f]">&gt;&gt;</a>&nbsp;&nbsp;&nbsp;CPU_SR_Restore
<LI><a href="#[96]">&gt;&gt;</a>&nbsp;&nbsp;&nbsp;OS_FlagDbgListAdd
<LI><a href="#[95]">&gt;&gt;</a>&nbsp;&nbsp;&nbsp;OS_PendListInit
</UL>
<BR>[Called By]<UL><LI><a href="#[65]">&gt;&gt;</a>&nbsp;&nbsp;&nbsp;main
</UL>

<P><STRONG><a name="[97]"></a>OSFlagPend</STRONG> (Thumb, 1200 bytes, Stack size 80 bytes, os_flag.o(i.OSFlagPend))
<BR><BR>[Stack]<UL><LI>Max Depth = 180 + Unknown Stack Size
<LI>Call Chain = OSFlagPend &rArr; OS_FlagBlock &rArr; OS_Pend &rArr; OS_TaskBlock &rArr; OS_RdyListRemove &rArr; OS_PrioRemove
</UL>
<BR>[Calls]<UL><LI><a href="#[7d]">&gt;&gt;</a>&nbsp;&nbsp;&nbsp;CPU_SR_Save
<LI><a href="#[7f]">&gt;&gt;</a>&nbsp;&nbsp;&nbsp;CPU_SR_Restore
<LI><a href="#[98]">&gt;&gt;</a>&nbsp;&nbsp;&nbsp;OS_FlagBlock
<LI><a href="#[99]">&gt;&gt;</a>&nbsp;&nbsp;&nbsp;OSSched
</UL>
<BR>[Called By]<UL><LI><a href="#[6f]">&gt;&gt;</a>&nbsp;&nbsp;&nbsp;task2
<LI><a href="#[6e]">&gt;&gt;</a>&nbsp;&nbsp;&nbsp;task1
</UL>

<P><STRONG><a name="[9a]"></a>OSFlagPost</STRONG> (Thumb, 112 bytes, Stack size 32 bytes, os_flag.o(i.OSFlagPost))
<BR><BR>[Stack]<UL><LI>Max Depth = 136 + Unknown Stack Size
<LI>Call Chain = OSFlagPost &rArr; OS_FlagPost &rArr; OS_FlagTaskRdy &rArr; OS_PendListRemove &rArr; OS_PendListRemove1
</UL>
<BR>[Calls]<UL><LI><a href="#[9b]">&gt;&gt;</a>&nbsp;&nbsp;&nbsp;CPU_TS_TmrRd
<LI><a href="#[9c]">&gt;&gt;</a>&nbsp;&nbsp;&nbsp;OS_FlagPost
</UL>
<BR>[Called By]<UL><LI><a href="#[6f]">&gt;&gt;</a>&nbsp;&nbsp;&nbsp;task2
<LI><a href="#[6e]">&gt;&gt;</a>&nbsp;&nbsp;&nbsp;task1
</UL>

[...]
</UL>
<BR>[Called By]<UL><LI><a href="#[6c]">&gt;&gt;</a>&nbsp;&nbsp;&nbsp;OS_TmrTask
</UL>

<P><STRONG><a name="[ff]"></a>RCC_AHB1PeriphClockCmd</STRONG> (Thumb, 26 bytes, Stack size 0 bytes, stm32f4xx_rcc.o(i.RCC_AHB1PeriphClockCmd))
<BR><BR>[Called By]<UL><LI><a href="#[101]">&gt;&gt;</a>&nbsp;&nbsp;&nbsp;usart_init
<LI><a href="#[fe]">&gt;&gt;</a>&nbsp;&nbsp;&nbsp;led_init
</UL>

<P><STRONG><a name="[104]"></a>RCC_APB2PeriphClockCmd</STRONG> (Thumb, 26 bytes, Stack size 0 bytes, stm32f4xx_rcc.o(i.RCC_APB2PeriphClockCmd))
<BR><BR>[Called By]<UL><LI><a href="#[101]">&gt;&gt;</a>&nbsp;&nbsp;&nbsp;usart_init
</UL>

<P><STRONG><a name="[76]"></a>RCC_GetClocksFreq</STRONG> (Thumb, 214 bytes, Stack size 20 bytes, stm32f4xx_rcc.o(i.RCC_GetClocksFreq))
<BR><BR>[Stack]<UL><LI>Max Depth = 20<LI>Call Chain = RCC_GetClocksFreq
</UL>
<BR>[Called By]<UL><LI><a href="#[75]">&gt;&gt;</a>&nbsp;&nbsp;&nbsp;BSP_CPU_ClkFreq
<LI><a href="#[f8]">&gt;&gt;</a>&nbsp;&nbsp;&nbsp;USART_Init
</UL>

<P><STRONG><a name="[108]"></a>USART_Cmd</STRONG> (Thumb, 24 bytes, Stack size 0 bytes, stm32f4xx_usart.o(i.USART_Cmd))
<BR><BR>[Called By]<UL><LI><a href="#[101]">&gt;&gt;</a>&nbsp;&nbsp;&nbsp;usart_init
</UL>

<P><STRONG><a name="[fd]"></a>USART_GetFlagStatus</STRONG> (Thumb, 26 bytes, Stack size 0 bytes, stm32f4xx_usart.o(i.USART_GetFlagStatus))
<BR><BR>[Called By]<UL><LI><a href="#[6d]">&gt;&gt;</a>&nbsp;&nbsp;&nbsp;fputc
</UL>

<P><STRONG><a name="[105]"></a>USART_ITConfig</STRONG> (Thumb, 74 bytes, Stack size 20 bytes, stm32f4xx_usart.o(i.USART_ITConfig))
<BR><BR>[Stack]<UL><LI>Max Depth = 20<LI>Call Chain = USART_ITConfig
</UL>
<BR>[Called By]<UL><LI><a href="#[101]">&gt;&gt;</a>&nbsp;&nbsp;&nbsp;usart_init
</UL>

<P><STRONG><a name="[f8]"></a>USART_Init</STRONG> (Thumb, 204 bytes, Stack size 48 bytes, stm32f4xx_usart.o(i.USART_Init))
<BR><BR>[Stack]<UL><LI>Max Depth = 68<LI>Call Chain = USART_Init &rArr; RCC_GetClocksFreq
</UL>
<BR>[Calls]<UL><LI><a href="#[76]">&gt;&gt;</a>&nbsp;&nbsp;&nbsp;RCC_GetClocksFreq
</UL>
<BR>[Called By]<UL><LI><a href="#[101]">&gt;&gt;</a>&nbsp;&nbsp;&nbsp;usart_init
</UL>

<P><STRONG><a name="[fc]"></a>USART_SendData</STRONG> (Thumb, 8 bytes, Stack size 0 bytes, stm32f4xx_usart.o(i.USART_SendData))
<BR><BR>[Called By]<UL><LI><a href="#[6d]">&gt;&gt;</a>&nbsp;&nbsp;&nbsp;fputc
</UL>

<P><STRONG><a name="[f9]"></a>__0printf$1</STRONG> (Thumb, 22 bytes, Stack size 24 bytes, printf1.o(i.__0printf$1), UNUSED)
<BR><BR>[Calls]<UL><LI><a href="#[fa]">&gt;&gt;</a>&nbsp;&nbsp;&nbsp;_printf_core
</UL>

<P><STRONG><a name="[116]"></a>__1printf$1</STRONG> (Thumb, 0 bytes, Stack size 24 bytes, printf1.o(i.__0printf$1), UNUSED)

<P><STRONG><a name="[102]"></a>__2printf</STRONG> (Thumb, 0 bytes, Stack size 24 bytes, printf1.o(i.__0printf$1))
<BR><BR>[Stack]<UL><LI>Max Depth = 24<LI>Call Chain = __2printf
</UL>
<BR>[Called By]<UL><LI><a href="#[6f]">&gt;&gt;</a>&nbsp;&nbsp;&nbsp;task2
<LI><a href="#[6e]">&gt;&gt;</a>&nbsp;&nbsp;&nbsp;task1
<LI><a href="#[65]">&gt;&gt;</a>&nbsp;&nbsp;&nbsp;main
</UL>

<P><STRONG><a name="[117]"></a>__scatterload_copy</STRONG> (Thumb, 14 bytes, Stack size unknown bytes, handlers.o(i.__scatterload_copy), UNUSED)

<P><STRONG><a name="[118]"></a>__scatterload_null</STRONG> (Thumb, 2 bytes, Stack size unknown bytes, handlers.o(i.__scatterload_null), UNUSED)

<P><STRONG><a name="[119]"></a>__scatterload_zeroinit</STRONG> (Thumb, 14 bytes, Stack size unknown bytes, handlers.o(i.__scatterload_zeroinit), UNUSED)

<P><STRONG><a name="[6d]"></a>fputc</STRONG> (Thumb, 36 bytes, Stack size 16 bytes, usart.o(i.fputc))
<BR><BR>[Stack]<UL><LI>Max Depth = 16<LI>Call Chain = fputc
</UL>
<BR>[Calls]<UL><LI><a href="#[fc]">&gt;&gt;</a>&nbsp;&nbsp;&nbsp;USART_SendData
<LI><a href="#[fd]">&gt;&gt;</a>&nbsp;&nbsp;&nbsp;USART_GetFlagStatus
</UL>
<BR>[Address Reference Count : 1]<UL><LI> printf1.o(i.__0printf$1)
</UL>
<P><STRONG><a name="[fe]"></a>led_init</STRONG> (Thumb, 84 bytes, Stack size 16 bytes, led.o(i.led_init))
<BR><BR>[Stack]<UL><LI>Max Depth = 36<LI>Call Chain = led_init &rArr; GPIO_Init
</UL>
<BR>[Calls]<UL><LI><a href="#[100]">&gt;&gt;</a>&nbsp;&nbsp;&nbsp;GPIO_SetBits
<LI><a href="#[83]">&gt;&gt;</a>&nbsp;&nbsp;&nbsp;GPIO_Init
<LI><a href="#[ff]">&gt;&gt;</a>&nbsp;&nbsp;&nbsp;RCC_AHB1PeriphClockCmd
</UL>
<BR>[Called By]<UL><LI><a href="#[65]">&gt;&gt;</a>&nbsp;&nbsp;&nbsp;main
</UL>

<P><STRONG><a name="[65]"></a>main</STRONG> (Thumb, 186 bytes, Stack size 48 bytes, app.o(i.main))
<BR><BR>[Stack]<UL><LI>Max Depth = 216 + Unknown Stack Size
<LI>Call Chain = main &rArr; OSInit &rArr; OS_TmrInit &rArr; OSTaskCreate &rArr; OSSched &rArr; OS_PrioGetHighest
</UL>
<BR>[Calls]<UL><LI><a href="#[7a]">&gt;&gt;</a>&nbsp;&nbsp;&nbsp;BSP_IntDisAll
<LI><a href="#[84]">&gt;&gt;</a>&nbsp;&nbsp;&nbsp;BSP_Tick_Init
<LI><a href="#[77]">&gt;&gt;</a>&nbsp;&nbsp;&nbsp;BSP_Init
<LI><a href="#[90]">&gt;&gt;</a>&nbsp;&nbsp;&nbsp;Mem_Init
<LI><a href="#[8d]">&gt;&gt;</a>&nbsp;&nbsp;&nbsp;Math_Init
<LI><a href="#[86]">&gt;&gt;</a>&nbsp;&nbsp;&nbsp;CPU_Init
<LI><a href="#[b0]">&gt;&gt;</a>&nbsp;&nbsp;&nbsp;OSMutexCreate
<LI><a href="#[94]">&gt;&gt;</a>&nbsp;&nbsp;&nbsp;OSFlagCreate
<LI><a href="#[c8]">&gt;&gt;</a>&nbsp;&nbsp;&nbsp;OSTaskCreate
<LI><a href="#[c3]">&gt;&gt;</a>&nbsp;&nbsp;&nbsp;OSStart
<LI><a href="#[c0]">&gt;&gt;</a>&nbsp;&nbsp;&nbsp;OSSchedRoundRobinCfg
<LI><a href="#[9d]">&gt;&gt;</a>&nbsp;&nbsp;&nbsp;OSInit
<LI><a href="#[101]">&gt;&gt;</a>&nbsp;&nbsp;&nbsp;usart_init
<LI><a href="#[fe]">&gt;&gt;</a>&nbsp;&nbsp;&nbsp;led_init
<LI><a href="#[102]">&gt;&gt;</a>&nbsp;&nbsp;&nbsp;__2printf
</UL>
<BR>[Address Reference Count : 1]<UL><LI> entry9a.o(.ARM.Collect$$$$0000000B)
</UL>
<P><STRONG><a name="[6e]"></a>task1</STRONG> (Thumb, 110 bytes, Stack size 16 bytes, app.o(i.task1))
<BR><BR>[Stack]<UL><LI>Max Depth = 196 + Unknown Stack Size
<LI>Call Chain = task1 &rArr; OSFlagPend &rArr; OS_FlagBlock &rArr; OS_Pend &rArr; OS_TaskBlock &rArr; OS_RdyListRemove &rArr; OS_PrioRemove
</UL>
<BR>[Calls]<UL><LI><a href="#[b6]">&gt;&gt;</a>&nbsp;&nbsp;&nbsp;OSMutexPost
<LI><a href="#[b2]">&gt;&gt;</a>&nbsp;&nbsp;&nbsp;OSMutexPend
<LI><a href="#[9a]">&gt;&gt;</a>&nbsp;&nbsp;&nbsp;OSFlagPost
<LI><a href="#[97]">&gt;&gt;</a>&nbsp;&nbsp;&nbsp;OSFlagPend
<LI><a href="#[dd]">&gt;&gt;</a>&nbsp;&nbsp;&nbsp;OSTimeDlyHMSM
<LI><a href="#[102]">&gt;&gt;</a>&nbsp;&nbsp;&nbsp;__2printf
</UL>
<BR>[Address Reference Count : 1]<UL><LI> app.o(i.main)
</UL>
<P><STRONG><a name="[6f]"></a>task2</STRONG> (Thumb, 100 bytes, Stack size 16 bytes, app.o(i.task2))
<BR><BR>[Stack]<UL><LI>Max Depth = 196 + Unknown Stack Size
<LI>Call Chain = task2 &rArr; OSFlagPend &rArr; OS_FlagBlock &rArr; OS_Pend &rArr; OS_TaskBlock &rArr; OS_RdyListRemove &rArr; OS_PrioRemove
</UL>
<BR>[Calls]<UL><LI><a href="#[b6]">&gt;&gt;</a>&nbsp;&nbsp;&nbsp;OSMutexPost
<LI><a href="#[b2]">&gt;&gt;</a>&nbsp;&nbsp;&nbsp;OSMutexPend
<LI><a href="#[9a]">&gt;&gt;</a>&nbsp;&nbsp;&nbsp;OSFlagPost
<LI><a href="#[97]">&gt;&gt;</a>&nbsp;&nbsp;&nbsp;OSFlagPend
<LI><a href="#[dd]">&gt;&gt;</a>&nbsp;&nbsp;&nbsp;OSTimeDlyHMSM
<LI><a href="#[102]">&gt;&gt;</a>&nbsp;&nbsp;&nbsp;__2printf
</UL>
<BR>[Address Reference Count : 1]<UL><LI> app.o(i.main)
</UL>
<P><STRONG><a name="[101]"></a>usart_init</STRONG> (Thumb, 172 bytes, Stack size 32 bytes, usart.o(i.usart_init))
<BR><BR>[Stack]<UL><LI>Max Depth = 100<LI>Call Chain = usart_init &rArr; USART_Init &rArr; RCC_GetClocksFreq
</UL>
<BR>[Calls]<UL><LI><a href="#[83]">&gt;&gt;</a>&nbsp;&nbsp;&nbsp;GPIO_Init
<LI><a href="#[106]">&gt;&gt;</a>&nbsp;&nbsp;&nbsp;NVIC_PriorityGroupConfig
<LI><a href="#[107]">&gt;&gt;</a>&nbsp;&nbsp;&nbsp;NVIC_Init
<LI><a href="#[103]">&gt;&gt;</a>&nbsp;&nbsp;&nbsp;GPIO_PinAFConfig
<LI><a href="#[104]">&gt;&gt;</a>&nbsp;&nbsp;&nbsp;RCC_APB2PeriphClockCmd
<LI><a href="#[ff]">&gt;&gt;</a>&nbsp;&nbsp;&nbsp;RCC_AHB1PeriphClockCmd
<LI><a href="#[f8]">&gt;&gt;</a>&nbsp;&nbsp;&nbsp;USART_Init
<LI><a href="#[105]">&gt;&gt;</a>&nbsp;&nbsp;&nbsp;USART_ITConfig
<LI><a href="#[108]">&gt;&gt;</a>&nbsp;&nbsp;&nbsp;USART_Cmd
</UL>
<BR>[Called By]<UL><LI><a href="#[65]">&gt;&gt;</a>&nbsp;&nbsp;&nbsp;main
</UL>
<P>
<H3>
Local Symbols
</H3>
<P><STRONG><a name="[79]"></a>BSP_LED_Init</STRONG> (Thumb, 130 bytes, Stack size 16 bytes, bsp.o(i.BSP_LED_Init))
<BR><BR>[Stack]<UL><LI>Max Depth = 36<LI>Call Chain = BSP_LED_Init &rArr; GPIO_Init
</UL>
<BR>[Calls]<UL><LI><a href="#[83]">&gt;&gt;</a>&nbsp;&nbsp;&nbsp;GPIO_Init
<LI><a href="#[82]">&gt;&gt;</a>&nbsp;&nbsp;&nbsp;BSP_PeriphEn
</UL>
<BR>[Called By]<UL><LI><a href="#[77]">&gt;&gt;</a>&nbsp;&nbsp;&nbsp;BSP_Init
</UL>

<P><STRONG><a name="[7c]"></a>BSP_IntHandler</STRONG> (Thumb, 58 bytes, Stack size 16 bytes, bsp_int.o(i.BSP_IntHandler))
<BR><BR>[Stack]<UL><LI>Max Depth = 40 + Unknown Stack Size
<LI>Call Chain = BSP_IntHandler &rArr; OSIntExit &rArr; OS_PrioGetHighest
</UL>
<BR>[Calls]<UL><LI><a href="#[80]">&gt;&gt;</a>&nbsp;&nbsp;&nbsp;OSIntExit
<LI><a href="#[7e]">&gt;&gt;</a>&nbsp;&nbsp;&nbsp;OSIntEnter
<LI><a href="#[7d]">&gt;&gt;</a>&nbsp;&nbsp;&nbsp;CPU_SR_Save
<LI><a href="#[7f]">&gt;&gt;</a>&nbsp;&nbsp;&nbsp;CPU_SR_Restore
</UL>
<BR>[Called By]<UL><LI><a href="#[1a]">&gt;&gt;</a>&nbsp;&nbsp;&nbsp;BSP_IntHandlerDMA1_CH5
<LI><a href="#[19]">&gt;&gt;</a>&nbsp;&nbsp;&nbsp;BSP_IntHandlerDMA1_CH4
<LI><a href="#[18]">&gt;&gt;</a>&nbsp;&nbsp;&nbsp;BSP_IntHandlerDMA1_CH3
<LI><a href="#[17]">&gt;&gt;</a>&nbsp;&nbsp;&nbsp;BSP_IntHandlerDMA1_CH2
<LI><a href="#[16]">&gt;&gt;</a>&nbsp;&nbsp;&nbsp;BSP_IntHandlerDMA1_CH1
<LI><a href="#[15]">&gt;&gt;</a>&nbsp;&nbsp;&nbsp;BSP_IntHandlerDMA1_CH0
<LI><a href="#[58]">&gt;&gt;</a>&nbsp;&nbsp;&nbsp;BSP_IntHandlerDCMI
<LI><a href="#[59]">&gt;&gt;</a>&nbsp;&nbsp;&nbsp;BSP_IntHandlerCRYP
<LI><a href="#[49]">&gt;&gt;</a>&nbsp;&nbsp;&nbsp;BSP_IntHandlerCAN2_TX
<LI><a href="#[4c]">&gt;&gt;</a>&nbsp;&nbsp;&nbsp;BSP_IntHandlerCAN2_SCE
<LI><a href="#[4b]">&gt;&gt;</a>&nbsp;&nbsp;&nbsp;BSP_IntHandlerCAN2_RX1
<LI><a href="#[4a]">&gt;&gt;</a>&nbsp;&nbsp;&nbsp;BSP_IntHandlerCAN2_RX0
<LI><a href="#[1d]">&gt;&gt;</a>&nbsp;&nbsp;&nbsp;BSP_IntHandlerCAN1_TX
<LI><a href="#[20]">&gt;&gt;</a>&nbsp;&nbsp;&nbsp;BSP_IntHandlerCAN1_SCE
<LI><a href="#[1f]">&gt;&gt;</a>&nbsp;&nbsp;&nbsp;BSP_IntHandlerCAN1_RX1
<LI><a href="#[1e]">&gt;&gt;</a>&nbsp;&nbsp;&nbsp;BSP_IntHandlerCAN1_RX0
<LI><a href="#[1c]">&gt;&gt;</a>&nbsp;&nbsp;&nbsp;BSP_IntHandlerADC
<LI><a href="#[a]">&gt;&gt;</a>&nbsp;&nbsp;&nbsp;BSP_IntHandlerWWDG
<LI><a href="#[51]">&gt;&gt;</a>&nbsp;&nbsp;&nbsp;BSP_IntHandlerUSART6
<LI><a href="#[3f]">&gt;&gt;</a>&nbsp;&nbsp;&nbsp;BSP_IntHandlerUSART5
<LI><a href="#[3e]">&gt;&gt;</a>&nbsp;&nbsp;&nbsp;BSP_IntHandlerUSART4
<LI><a href="#[31]">&gt;&gt;</a>&nbsp;&nbsp;&nbsp;BSP_IntHandlerUSART3
<LI><a href="#[30]">&gt;&gt;</a>&nbsp;&nbsp;&nbsp;BSP_IntHandlerUSART2
<LI><a href="#[2f]">&gt;&gt;</a>&nbsp;&nbsp;&nbsp;BSP_IntHandlerUSART1
<LI><a href="#[5d]">&gt;&gt;</a>&nbsp;&nbsp;&nbsp;BSP_IntHandlerUART8
<LI><a href="#[5c]">&gt;&gt;</a>&nbsp;&nbsp;&nbsp;BSP_IntHandlerUART7
<LI><a href="#[36]">&gt;&gt;</a>&nbsp;&nbsp;&nbsp;BSP_IntHandlerTIM8_UP_TIM13
<LI><a href="#[37]">&gt;&gt;</a>&nbsp;&nbsp;&nbsp;BSP_IntHandlerTIM8_TRG_COM_TIM14
<LI><a href="#[38]">&gt;&gt;</a>&nbsp;&nbsp;&nbsp;BSP_IntHandlerTIM8_CC
<LI><a href="#[35]">&gt;&gt;</a>&nbsp;&nbsp;&nbsp;BSP_IntHandlerTIM8_BRK_TIM12
<LI><a href="#[41]">&gt;&gt;</a>&nbsp;&nbsp;&nbsp;BSP_IntHandlerTIM7
<LI><a href="#[40]">&gt;&gt;</a>&nbsp;&nbsp;&nbsp;BSP_IntHandlerTIM6_DAC
<LI><a href="#[3c]">&gt;&gt;</a>&nbsp;&nbsp;&nbsp;BSP_IntHandlerTIM5
<LI><a href="#[28]">&gt;&gt;</a>&nbsp;&nbsp;&nbsp;BSP_IntHandlerTIM4
<LI><a href="#[27]">&gt;&gt;</a>&nbsp;&nbsp;&nbsp;BSP_IntHandlerTIM3
<LI><a href="#[26]">&gt;&gt;</a>&nbsp;&nbsp;&nbsp;BSP_IntHandlerTIM2
<LI><a href="#[23]">&gt;&gt;</a>&nbsp;&nbsp;&nbsp;BSP_IntHandlerTIM1_UP_TIM10
<LI><a href="#[24]">&gt;&gt;</a>&nbsp;&nbsp;&nbsp;BSP_IntHandlerTIM1_TRG_COM_TIM11
<LI><a href="#[25]">&gt;&gt;</a>&nbsp;&nbsp;&nbsp;BSP_IntHandlerTIM1_CC
<LI><a href="#[22]">&gt;&gt;</a>&nbsp;&nbsp;&nbsp;BSP_IntHandlerTIM1_BRK_TIM9
<LI><a href="#[c]">&gt;&gt;</a>&nbsp;&nbsp;&nbsp;BSP_IntHandlerTAMP_STAMP
<LI><a href="#[60]">&gt;&gt;</a>&nbsp;&nbsp;&nbsp;BSP_IntHandlerSPI6
<LI><a href="#[5f]">&gt;&gt;</a>&nbsp;&nbsp;&nbsp;BSP_IntHandlerSPI5
<LI><a href="#[5e]">&gt;&gt;</a>&nbsp;&nbsp;&nbsp;BSP_IntHandlerSPI4
<LI><a href="#[3d]">&gt;&gt;</a>&nbsp;&nbsp;&nbsp;BSP_IntHandlerSPI3
<LI><a href="#[2e]">&gt;&gt;</a>&nbsp;&nbsp;&nbsp;BSP_IntHandlerSPI2
<LI><a href="#[2d]">&gt;&gt;</a>&nbsp;&nbsp;&nbsp;BSP_IntHandlerSPI1
<LI><a href="#[3b]">&gt;&gt;</a>&nbsp;&nbsp;&nbsp;BSP_IntHandlerSDIO
<LI><a href="#[61]">&gt;&gt;</a>&nbsp;&nbsp;&nbsp;BSP_IntHandlerSAI1
<LI><a href="#[d]">&gt;&gt;</a>&nbsp;&nbsp;&nbsp;BSP_IntHandlerRTC_WKUP
<LI><a href="#[33]">&gt;&gt;</a>&nbsp;&nbsp;&nbsp;BSP_IntHandlerRTCAlarm
<LI><a href="#[f]">&gt;&gt;</a>&nbsp;&nbsp;&nbsp;BSP_IntHandlerRCC
<LI><a href="#[b]">&gt;&gt;</a>&nbsp;&nbsp;&nbsp;BSP_IntHandlerPVD
<LI><a href="#[56]">&gt;&gt;</a>&nbsp;&nbsp;&nbsp;BSP_IntHandlerOTG_HS_WKUP
<LI><a href="#[54]">&gt;&gt;</a>&nbsp;&nbsp;&nbsp;BSP_IntHandlerOTG_HS_EP1_OUT
<LI><a href="#[55]">&gt;&gt;</a>&nbsp;&nbsp;&nbsp;BSP_IntHandlerOTG_HS_EP1_IN
<LI><a href="#[57]">&gt;&gt;</a>&nbsp;&nbsp;&nbsp;BSP_IntHandlerOTG_HS
<LI><a href="#[34]">&gt;&gt;</a>&nbsp;&nbsp;&nbsp;BSP_IntHandlerOTG_FS_WKUP
<LI><a href="#[4d]">&gt;&gt;</a>&nbsp;&nbsp;&nbsp;BSP_IntHandlerOTG_FS
<LI><a href="#[63]">&gt;&gt;</a>&nbsp;&nbsp;&nbsp;BSP_IntHandlerLTDC_ER
<LI><a href="#[62]">&gt;&gt;</a>&nbsp;&nbsp;&nbsp;BSP_IntHandlerLTDC
<LI><a href="#[52]">&gt;&gt;</a>&nbsp;&nbsp;&nbsp;BSP_IntHandlerI2C3_EV
<LI><a href="#[53]">&gt;&gt;</a>&nbsp;&nbsp;&nbsp;BSP_IntHandlerI2C3_ER
<LI><a href="#[2b]">&gt;&gt;</a>&nbsp;&nbsp;&nbsp;BSP_IntHandlerI2C2_EV
<LI><a href="#[2c]">&gt;&gt;</a>&nbsp;&nbsp;&nbsp;BSP_IntHandlerI2C2_ER
<LI><a href="#[29]">&gt;&gt;</a>&nbsp;&nbsp;&nbsp;BSP_IntHandlerI2C1_EV
<LI><a href="#[2a]">&gt;&gt;</a>&nbsp;&nbsp;&nbsp;BSP_IntHandlerI2C1_ER
<LI><a href="#[5a]">&gt;&gt;</a>&nbsp;&nbsp;&nbsp;BSP_IntHandlerHASH_RNG
<LI><a href="#[3a]">&gt;&gt;</a>&nbsp;&nbsp;&nbsp;BSP_IntHandlerFSMC
<LI><a href="#[5b]">&gt;&gt;</a>&nbsp;&nbsp;&nbsp;BSP_IntHandlerFPU
<LI><a href="#[e]">&gt;&gt;</a>&nbsp;&nbsp;&nbsp;BSP_IntHandlerFLASH
<LI><a href="#[21]">&gt;&gt;</a>&nbsp;&nbsp;&nbsp;BSP_IntHandlerEXTI9_5
<LI><a href="#[14]">&gt;&gt;</a>&nbsp;&nbsp;&nbsp;BSP_IntHandlerEXTI4
<LI><a href="#[13]">&gt;&gt;</a>&nbsp;&nbsp;&nbsp;BSP_IntHandlerEXTI3
<LI><a href="#[12]">&gt;&gt;</a>&nbsp;&nbsp;&nbsp;BSP_IntHandlerEXTI2
<LI><a href="#[32]">&gt;&gt;</a>&nbsp;&nbsp;&nbsp;BSP_IntHandlerEXTI15_10
<LI><a href="#[11]">&gt;&gt;</a>&nbsp;&nbsp;&nbsp;BSP_IntHandlerEXTI1
<LI><a href="#[10]">&gt;&gt;</a>&nbsp;&nbsp;&nbsp;BSP_IntHandlerEXTI0
<LI><a href="#[48]">&gt;&gt;</a>&nbsp;&nbsp;&nbsp;BSP_IntHandlerETHWakeup
<LI><a href="#[47]">&gt;&gt;</a>&nbsp;&nbsp;&nbsp;BSP_IntHandlerETH
<LI><a href="#[50]">&gt;&gt;</a>&nbsp;&nbsp;&nbsp;BSP_IntHandlerDMA2_CH7
<LI><a href="#[4f]">&gt;&gt;</a>&nbsp;&nbsp;&nbsp;BSP_IntHandlerDMA2_CH6
<LI><a href="#[4e]">&gt;&gt;</a>&nbsp;&nbsp;&nbsp;BSP_IntHandlerDMA2_CH5
<LI><a href="#[46]">&gt;&gt;</a>&nbsp;&nbsp;&nbsp;BSP_IntHandlerDMA2_CH4
<LI><a href="#[45]">&gt;&gt;</a>&nbsp;&nbsp;&nbsp;BSP_IntHandlerDMA2_CH3
<LI><a href="#[44]">&gt;&gt;</a>&nbsp;&nbsp;&nbsp;BSP_IntHandlerDMA2_CH2
<LI><a href="#[43]">&gt;&gt;</a>&nbsp;&nbsp;&nbsp;BSP_IntHandlerDMA2_CH1
<LI><a href="#[42]">&gt;&gt;</a>&nbsp;&nbsp;&nbsp;BSP_IntHandlerDMA2_CH0
<LI><a href="#[64]">&gt;&gt;</a>&nbsp;&nbsp;&nbsp;BSP_IntHandlerDMA2D
<LI><a href="#[39]">&gt;&gt;</a>&nbsp;&nbsp;&nbsp;BSP_IntHandlerDMA1_STREAM7
<LI><a href="#[1b]">&gt;&gt;</a>&nbsp;&nbsp;&nbsp;BSP_IntHandlerDMA1_CH6
</UL>

<P><STRONG><a name="[67]"></a>BSP_IntHandlerDummy</STRONG> (Thumb, 2 bytes, Stack size 0 bytes, bsp_int.o(i.BSP_IntHandlerDummy))
<BR>[Address Reference Count : 1]<UL><LI> bsp_int.o(i.BSP_IntInit)
</UL>
<P><STRONG><a name="[88]"></a>CPU_NameInit</STRONG> (Thumb, 8 bytes, Stack size 8 bytes, cpu_core.o(i.CPU_NameInit))
<BR><BR>[Stack]<UL><LI>Max Depth = 52 + Unknown Stack Size
<LI>Call Chain = CPU_NameInit &rArr; CPU_NameClr &rArr; Mem_Clr &rArr; Mem_Set
</UL>
<BR>[Calls]<UL><LI><a href="#[89]">&gt;&gt;</a>&nbsp;&nbsp;&nbsp;CPU_NameClr
</UL>
<BR>[Called By]<UL><LI><a href="#[86]">&gt;&gt;</a>&nbsp;&nbsp;&nbsp;CPU_Init
</UL>

<P><STRONG><a name="[87]"></a>CPU_TS_Init</STRONG> (Thumb, 14 bytes, Stack size 8 bytes, cpu_core.o(i.CPU_TS_Init))
<BR><BR>[Stack]<UL><LI>Max Depth = 60<LI>Call Chain = CPU_TS_Init &rArr; CPU_TS_TmrInit &rArr; BSP_CPU_ClkFreq &rArr; RCC_GetClocksFreq
</UL>
<BR>[Calls]<UL><LI><a href="#[8b]">&gt;&gt;</a>&nbsp;&nbsp;&nbsp;CPU_TS_TmrInit
</UL>
<BR>[Called By]<UL><LI><a href="#[86]">&gt;&gt;</a>&nbsp;&nbsp;&nbsp;CPU_Init
</UL>

<P><STRONG><a name="[93]"></a>Mem_SegCreateCritical</STRONG> (Thumb, 28 bytes, Stack size 12 bytes, lib_mem.o(i.Mem_SegCreateCritical))
<BR><BR>[Stack]<UL><LI>Max Depth = 12<LI>Call Chain = Mem_SegCreateCritical
</UL>
<BR>[Called By]<UL><LI><a href="#[91]">&gt;&gt;</a>&nbsp;&nbsp;&nbsp;Mem_SegCreate
</UL>

<P><STRONG><a name="[f3]"></a>OS_TickListUpdateDly</STRONG> (Thumb, 146 bytes, Stack size 32 bytes, os_tick.o(i.OS_TickListUpdateDly))
<BR><BR>[Stack]<UL><LI>Max Depth = 52 + Unknown Stack Size
<LI>Call Chain = OS_TickListUpdateDly &rArr; OS_RdyListInsert &rArr; OS_PrioInsert
</UL>
<BR>[Calls]<UL><LI><a href="#[9b]">&gt;&gt;</a>&nbsp;&nbsp;&nbsp;CPU_TS_TmrRd
<LI><a href="#[7d]">&gt;&gt;</a>&nbsp;&nbsp;&nbsp;CPU_SR_Save
<LI><a href="#[7f]">&gt;&gt;</a>&nbsp;&nbsp;&nbsp;CPU_SR_Restore
<LI><a href="#[e2]">&gt;&gt;</a>&nbsp;&nbsp;&nbsp;OS_RdyListInsert
</UL>
<BR>[Called By]<UL><LI><a href="#[6b]">&gt;&gt;</a>&nbsp;&nbsp;&nbsp;OS_TickTask
</UL>

<P><STRONG><a name="[f4]"></a>OS_TickListUpdateTimeout</STRONG> (Thumb, 272 bytes, Stack size 40 bytes, os_tick.o(i.OS_TickListUpdateTimeout))
<BR><BR>[Stack]<UL><LI>Max Depth = 108 + Unknown Stack Size
<LI>Call Chain = OS_TickListUpdateTimeout &rArr; OS_TaskChangePrio &rArr; OS_PendListChangePrio &rArr; OS_PendListInsertPrio
</UL>
<BR>[Calls]<UL><LI><a href="#[9b]">&gt;&gt;</a>&nbsp;&nbsp;&nbsp;CPU_TS_TmrRd
<LI><a href="#[7d]">&gt;&gt;</a>&nbsp;&nbsp;&nbsp;CPU_SR_Save
<LI><a href="#[7f]">&gt;&gt;</a>&nbsp;&nbsp;&nbsp;CPU_SR_Restore
<LI><a href="#[b4]">&gt;&gt;</a>&nbsp;&nbsp;&nbsp;OS_TaskChangePrio
<LI><a href="#[b8]">&gt;&gt;</a>&nbsp;&nbsp;&nbsp;OS_MutexGrpPrioFindHighest
<LI><a href="#[e2]">&gt;&gt;</a>&nbsp;&nbsp;&nbsp;OS_RdyListInsert
<LI><a href="#[d0]">&gt;&gt;</a>&nbsp;&nbsp;&nbsp;OS_PendListRemove
</UL>
<BR>[Called By]<UL><LI><a href="#[6b]">&gt;&gt;</a>&nbsp;&nbsp;&nbsp;OS_TickTask
</UL>

<P><STRONG><a name="[f5]"></a>OS_TmrLock</STRONG> (Thumb, 20 bytes, Stack size 16 bytes, os_tmr.o(i.OS_TmrLock))
<BR><BR>[Stack]<UL><LI>Max Depth = 156 + Unknown Stack Size
<LI>Call Chain = OS_TmrLock &rArr; OSMutexPend &rArr; OS_Pend &rArr; OS_TaskBlock &rArr; OS_RdyListRemove &rArr; OS_PrioRemove
</UL>
<BR>[Calls]<UL><LI><a href="#[b2]">&gt;&gt;</a>&nbsp;&nbsp;&nbsp;OSMutexPend
</UL>
<BR>[Called By]<UL><LI><a href="#[6c]">&gt;&gt;</a>&nbsp;&nbsp;&nbsp;OS_TmrTask
</UL>

<P><STRONG><a name="[f7]"></a>OS_TmrUnlock</STRONG> (Thumb, 14 bytes, Stack size 8 bytes, os_tmr.o(i.OS_TmrUnlock))
<BR><BR>[Stack]<UL><LI>Max Depth = 112 + Unknown Stack Size
<LI>Call Chain = OS_TmrUnlock &rArr; OSMutexPost &rArr; OS_Post &rArr; OS_PendListRemove &rArr; OS_PendListRemove1
</UL>
<BR>[Calls]<UL><LI><a href="#[b6]">&gt;&gt;</a>&nbsp;&nbsp;&nbsp;OSMutexPost
</UL>
<BR>[Called By]<UL><LI><a href="#[6c]">&gt;&gt;</a>&nbsp;&nbsp;&nbsp;OS_TmrTask
</UL>

<P><STRONG><a name="[fa]"></a>_printf_core</STRONG> (Thumb, 336 bytes, Stack size 88 bytes, printf1.o(i._printf_core), UNUSED)
<BR><BR>[Calls]<UL><LI><a href="#[fb]">&gt;&gt;</a>&nbsp;&nbsp;&nbsp;__aeabi_uidivmod
</UL>
<BR>[Called By]<UL><LI><a href="#[f9]">&gt;&gt;</a>&nbsp;&nbsp;&nbsp;__0printf$1
</UL>
<P>
<H3>
Undefined Global Symbols
</H3><HR></body></html>
